2025-10-04 15:59:39.657 [info] Extension host with pid 4036067 started
2025-10-04 15:59:39.841 [info] ExtensionService#_doActivateExtension Tailscale.vscode-tailscale, startup: false, activationEvent: 'onWalkthrough:tailscale'
2025-10-04 15:59:40.066 [info] ExtensionService#_doActivateExtension vscode.git-base, startup: true, activationEvent: '*', root cause: vscode.git
2025-10-04 15:59:40.148 [info] ExtensionService#_doActivateExtension vscode.git, startup: true, activationEvent: '*'
2025-10-04 15:59:40.415 [info] ExtensionService#_doActivateExtension vscode.github, startup: true, activationEvent: '*'
2025-10-04 15:59:40.819 [info] Eager extensions activated
2025-10-04 15:59:40.885 [info] ExtensionService#_doActivateExtension vscode.debug-auto-launch, startup: false, activationEvent: 'onStartupFinished'
2025-10-04 15:59:40.897 [info] ExtensionService#_doActivateExtension vscode.merge-conflict, startup: false, activationEvent: 'onStartupFinished'
2025-10-04 15:59:45.668 [info] ExtensionService#_doActivateExtension vscode.emmet, startup: false, activationEvent: 'onLanguage'
2025-10-04 16:00:03.870 [info] ExtensionService#_doActivateExtension llvm-vs-code-extensions.vscode-clangd, startup: false, activationEvent: 'onWalkthrough:platformio-ide.welcome', root cause: DavidGomes.platformio-ide-cursor
2025-10-04 16:00:04.263 [info] ExtensionService#_doActivateExtension DavidGomes.platformio-ide-cursor, startup: false, activationEvent: 'onWalkthrough:platformio-ide.welcome'
2025-10-04 16:00:05.552 [error] TypeError: Cannot read properties of undefined (reading 'packageJSON')
	at p (/home/juanqg/.vscode-oss/extensions/davidgomes.platformio-ide-cursor-0.0.1-universal/dist/extension.js:1:1544)
	at Object.patchOSEnviron (/home/juanqg/.vscode-oss/extensions/davidgomes.platformio-ide-cursor-0.0.1-universal/dist/extension.js:1:43788)
	at Object.activate (/home/juanqg/.vscode-oss/extensions/davidgomes.platformio-ide-cursor-0.0.1-universal/dist/extension.js:1:39933)
	at F (/home/juanqg/.vscode-oss/extensions/davidgomes.platformio-ide-cursor-0.0.1-universal/dist/extension.js:1:47434)
	at ky._callActivateOptional (file:///opt/vscodium-bin/resources/app/out/vs/workbench/api/node/extensionHostProcess.js:116:18824)
	at ky._callActivate (file:///opt/vscodium-bin/resources/app/out/vs/workbench/api/node/extensionHostProcess.js:116:18531)
	at file:///opt/vscodium-bin/resources/app/out/vs/workbench/api/node/extensionHostProcess.js:116:16465
	at async Vw._activate (file:///opt/vscodium-bin/resources/app/out/vs/workbench/api/node/extensionHostProcess.js:112:16269)
	at async Vw._waitForDepsThenActivate (file:///opt/vscodium-bin/resources/app/out/vs/workbench/api/node/extensionHostProcess.js:112:16211)
	at async Vw._initialize (file:///opt/vscodium-bin/resources/app/out/vs/workbench/api/node/extensionHostProcess.js:112:15574)
2025-10-04 16:01:37.904 [info] Extension host terminating: renderer closed the MessagePort
2025-10-04 16:01:38.065 [info] Extension host with pid 4036067 exiting with code 0
2025-10-04 16:01:40.853 [info] Extension host with pid 4038896 started
2025-10-04 16:01:40.853 [info] Skipping acquiring lock for /home/juanqg/.config/VSCodium/User/workspaceStorage/4c1ab6125ebc4b30106244aa5ca8d5eb.
2025-10-04 16:01:40.961 [info] ExtensionService#_doActivateExtension vscode.git-base, startup: true, activationEvent: '*'
2025-10-04 16:01:41.030 [info] ExtensionService#_doActivateExtension vscode.github, startup: true, activationEvent: '*'
2025-10-04 16:01:41.208 [info] Eager extensions activated
2025-10-04 16:01:41.218 [info] ExtensionService#_doActivateExtension vscode.debug-auto-launch, startup: false, activationEvent: 'onStartupFinished'
2025-10-04 16:01:41.223 [info] ExtensionService#_doActivateExtension vscode.merge-conflict, startup: false, activationEvent: 'onStartupFinished'
2025-10-04 16:01:43.401 [info] ExtensionService#_doActivateExtension vscode.git, startup: false, activationEvent: 'api', root cause: vscode.github
2025-10-04 16:01:43.570 [info] ExtensionService#_doActivateExtension Tailscale.vscode-tailscale, startup: false, activationEvent: '*'
2025-10-04 16:01:43.807 [info] ExtensionService#_doActivateExtension llvm-vs-code-extensions.vscode-clangd, startup: false, activationEvent: 'workspaceContains:**/platformio.ini', root cause: DavidGomes.platformio-ide-cursor
2025-10-04 16:01:44.119 [info] ExtensionService#_doActivateExtension DavidGomes.platformio-ide-cursor, startup: false, activationEvent: 'workspaceContains:**/platformio.ini'
2025-10-04 16:01:44.488 [info] ExtensionService#_doActivateExtension vscode.emmet, startup: false, activationEvent: 'onLanguage'
2025-10-04 16:01:44.720 [info] ExtensionService#_doActivateExtension vscode.github-authentication, startup: false, activationEvent: 'onAuthenticationRequest:github'
2025-10-04 16:01:45.541 [error] TypeError: Cannot read properties of undefined (reading 'packageJSON')
	at p (/home/juanqg/.vscode-oss/extensions/davidgomes.platformio-ide-cursor-0.0.1-universal/dist/extension.js:1:1544)
	at Object.patchOSEnviron (/home/juanqg/.vscode-oss/extensions/davidgomes.platformio-ide-cursor-0.0.1-universal/dist/extension.js:1:43788)
	at Object.activate (/home/juanqg/.vscode-oss/extensions/davidgomes.platformio-ide-cursor-0.0.1-universal/dist/extension.js:1:39933)
	at F (/home/juanqg/.vscode-oss/extensions/davidgomes.platformio-ide-cursor-0.0.1-universal/dist/extension.js:1:47434)
	at ky._callActivateOptional (file:///opt/vscodium-bin/resources/app/out/vs/workbench/api/node/extensionHostProcess.js:116:18824)
	at ky._callActivate (file:///opt/vscodium-bin/resources/app/out/vs/workbench/api/node/extensionHostProcess.js:116:18531)
	at file:///opt/vscodium-bin/resources/app/out/vs/workbench/api/node/extensionHostProcess.js:116:16465
	at async Vw._activate (file:///opt/vscodium-bin/resources/app/out/vs/workbench/api/node/extensionHostProcess.js:112:16269)
	at async Vw._waitForDepsThenActivate (file:///opt/vscodium-bin/resources/app/out/vs/workbench/api/node/extensionHostProcess.js:112:16211)
	at async Vw._initialize (file:///opt/vscodium-bin/resources/app/out/vs/workbench/api/node/extensionHostProcess.js:112:15574)
2025-10-04 16:06:16.335 [info] Extension host terminating: renderer closed the MessagePort
2025-10-04 16:06:16.363 [info] Extension host with pid 4038896 exiting with code 0
