2025-10-04 16:06:30.157 [info] [main] Log level: Info
2025-10-04 16:06:30.157 [info] [main] Validating found git in: "git"
2025-10-04 16:06:30.157 [info] [main] Using git "2.51.0" from "git"
2025-10-04 16:06:30.157 [info] [Model][doInitialScan] Initial repository scan started
2025-10-04 16:06:30.157 [info] > git rev-parse --show-toplevel [36ms]
2025-10-04 16:06:30.157 [info] > git rev-parse --git-dir --git-common-dir --show-superproject-working-tree [699ms]
2025-10-04 16:06:30.157 [info] [Model][openRepository] Opened repository (path): /home/juanqg/esp32cam/esp32cam-ready
2025-10-04 16:06:30.157 [info] [Model][openRepository] Opened repository (real path): /home/juanqg/esp32cam/esp32cam-ready
2025-10-04 16:06:30.157 [info] [Model][openRepository] Opened repository (kind): repository
2025-10-04 16:06:30.161 [info] > git config --get commit.template [8ms]
2025-10-04 16:06:30.274 [info] > git rev-parse --show-toplevel [104ms]
2025-10-04 16:06:30.384 [info] > git for-each-ref --format=%(refname)%00%(upstream:short)%00%(objectname)%00%(upstream:track)%00%(upstream:remotename)%00%(upstream:remoteref) refs/heads/develop refs/remotes/develop [119ms]
2025-10-04 16:06:30.427 [warning] [Git][revParse] Unable to read file: ENOENT: no such file or directory, open '/home/juanqg/esp32cam/esp32cam-ready/.git/refs/remotes/origin/develop'
2025-10-04 16:06:30.428 [info] > git rev-parse --show-toplevel [43ms]
2025-10-04 16:06:30.441 [info] > git rev-parse refs/remotes/origin/develop [14ms]
2025-10-04 16:06:30.483 [info] > git status -z -uall [33ms]
2025-10-04 16:06:30.483 [info] > git for-each-ref --sort -committerdate --format %(refname)%00%(objectname)%00%(*objectname) [9ms]
2025-10-04 16:06:30.546 [info] > git rev-parse --show-toplevel [106ms]
2025-10-04 16:06:30.560 [info] > git for-each-ref --format=%(refname)%00%(upstream:short)%00%(objectname)%00%(upstream:track)%00%(upstream:remotename)%00%(upstream:remoteref) refs/heads/develop refs/remotes/develop [16ms]
2025-10-04 16:06:30.571 [info] > git config --get --local branch.develop.vscode-merge-base [4ms]
2025-10-04 16:06:30.578 [info] > git rev-parse --show-toplevel [19ms]
2025-10-04 16:06:30.579 [info] > git config --get commit.template [25ms]
2025-10-04 16:06:30.586 [info] > git for-each-ref --format=%(refname)%00%(upstream:short)%00%(objectname)%00%(upstream:track)%00%(upstream:remotename)%00%(upstream:remoteref) refs/heads/origin/develop refs/remotes/origin/develop [8ms]
2025-10-04 16:06:30.657 [info] > git merge-base refs/heads/develop refs/remotes/origin/develop [63ms]
2025-10-04 16:06:30.664 [info] > git rev-parse --show-toplevel [79ms]
2025-10-04 16:06:30.677 [info] > git diff --name-status -z --diff-filter=ADMR 752674b5d846fd04b82e52a65ff4a749df2fa573...refs/remotes/origin/develop [13ms]
2025-10-04 16:06:30.678 [info] > git for-each-ref --format=%(refname)%00%(upstream:short)%00%(objectname)%00%(upstream:track)%00%(upstream:remotename)%00%(upstream:remoteref) refs/heads/develop refs/remotes/develop [27ms]
2025-10-04 16:06:30.685 [warning] [Git][revParse] Unable to read file: ENOENT: no such file or directory, open '/home/juanqg/esp32cam/esp32cam-ready/.git/refs/remotes/origin/develop'
2025-10-04 16:06:30.686 [info] > git rev-parse --show-toplevel [10ms]
2025-10-04 16:06:30.687 [info] [Model][doInitialScan] Initial repository scan completed - repositories (1), closed repositories (0), parent repositories (0), unsafe repositories (0)
2025-10-04 16:06:30.692 [info] > git rev-parse refs/remotes/origin/develop [7ms]
2025-10-04 16:06:30.704 [info] > git status -z -uall [8ms]
2025-10-04 16:06:30.709 [info] > git for-each-ref --sort -committerdate --format %(refname)%00%(objectname)%00%(*objectname) [6ms]
