2025-10-04 16:06:58.799 [info] [main] Log level: Info
2025-10-04 16:06:58.799 [info] [main] Validating found git in: "git"
2025-10-04 16:06:58.799 [info] [main] Using git "2.51.0" from "git"
2025-10-04 16:06:58.799 [info] [Model][doInitialScan] Initial repository scan started
2025-10-04 16:06:58.799 [info] > git rev-parse --show-toplevel [20ms]
2025-10-04 16:06:58.799 [info] > git rev-parse --git-dir --git-common-dir --show-superproject-working-tree [62ms]
2025-10-04 16:06:58.799 [info] [Model][openRepository] Opened repository (path): /home/juanqg/esp32cam/esp32cam-ready
2025-10-04 16:06:58.799 [info] [Model][openRepository] Opened repository (real path): /home/juanqg/esp32cam/esp32cam-ready
2025-10-04 16:06:58.799 [info] [Model][openRepository] Opened repository (kind): repository
2025-10-04 16:06:58.799 [info] > git config --get commit.template [88ms]
2025-10-04 16:06:58.799 [info] > git rev-parse --show-toplevel [154ms]
2025-10-04 16:06:58.823 [info] > git rev-parse --show-toplevel [15ms]
2025-10-04 16:06:58.824 [info] > git for-each-ref --format=%(refname)%00%(upstream:short)%00%(objectname)%00%(upstream:track)%00%(upstream:remotename)%00%(upstream:remoteref) refs/heads/develop refs/remotes/develop [26ms]
2025-10-04 16:06:58.834 [warning] [Git][revParse] Unable to read file: ENOENT: no such file or directory, open '/home/juanqg/esp32cam/esp32cam-ready/.git/refs/remotes/origin/develop'
2025-10-04 16:06:58.837 [info] > git rev-parse --show-toplevel [6ms]
2025-10-04 16:06:58.842 [info] > git rev-parse refs/remotes/origin/develop [8ms]
2025-10-04 16:06:58.856 [info] > git status -z -uall [9ms]
2025-10-04 16:06:58.856 [info] > git rev-parse --show-toplevel [14ms]
2025-10-04 16:06:58.861 [info] > git for-each-ref --sort -committerdate --format %(refname)%00%(objectname)%00%(*objectname) [8ms]
2025-10-04 16:06:58.913 [info] > git for-each-ref --format=%(refname)%00%(upstream:short)%00%(objectname)%00%(upstream:track)%00%(upstream:remotename)%00%(upstream:remoteref) refs/heads/develop refs/remotes/develop [9ms]
2025-10-04 16:06:58.919 [info] > git rev-parse --show-toplevel [58ms]
2025-10-04 16:06:58.925 [info] > git config --get --local branch.develop.vscode-merge-base [6ms]
2025-10-04 16:06:58.931 [info] > git config --get commit.template [18ms]
2025-10-04 16:06:58.932 [info] > git rev-parse --show-toplevel [7ms]
2025-10-04 16:06:58.932 [info] [Model][doInitialScan] Initial repository scan completed - repositories (1), closed repositories (0), parent repositories (0), unsafe repositories (0)
2025-10-04 16:06:58.941 [info] > git for-each-ref --format=%(refname)%00%(upstream:short)%00%(objectname)%00%(upstream:track)%00%(upstream:remotename)%00%(upstream:remoteref) refs/heads/origin/develop refs/remotes/origin/develop [11ms]
2025-10-04 16:06:58.956 [info] > git for-each-ref --format=%(refname)%00%(upstream:short)%00%(objectname)%00%(upstream:track)%00%(upstream:remotename)%00%(upstream:remoteref) refs/heads/develop refs/remotes/develop [16ms]
2025-10-04 16:06:58.960 [warning] [Git][revParse] Unable to read file: ENOENT: no such file or directory, open '/home/juanqg/esp32cam/esp32cam-ready/.git/refs/remotes/origin/develop'
2025-10-04 16:06:58.961 [info] > git merge-base refs/heads/develop refs/remotes/origin/develop [7ms]
2025-10-04 16:06:58.972 [info] > git rev-parse refs/remotes/origin/develop [12ms]
2025-10-04 16:06:58.981 [info] > git status -z -uall [5ms]
2025-10-04 16:06:58.982 [info] > git diff --name-status -z --diff-filter=ADMR 752674b5d846fd04b82e52a65ff4a749df2fa573...refs/remotes/origin/develop [12ms]
2025-10-04 16:06:58.983 [info] > git for-each-ref --sort -committerdate --format %(refname)%00%(objectname)%00%(*objectname) [3ms]
2025-10-04 16:34:55.396 [info] > git config --get commit.template [17ms]
2025-10-04 16:34:55.397 [info] > git for-each-ref --format=%(refname)%00%(upstream:short)%00%(objectname)%00%(upstream:track)%00%(upstream:remotename)%00%(upstream:remoteref) refs/heads/develop refs/remotes/develop [9ms]
2025-10-04 16:34:55.408 [warning] [Git][revParse] Unable to read file: ENOENT: no such file or directory, open '/home/juanqg/esp32cam/esp32cam-ready/.git/refs/remotes/origin/develop'
2025-10-04 16:34:55.416 [info] > git rev-parse refs/remotes/origin/develop [8ms]
2025-10-04 16:34:55.435 [info] > git status -z -uall [6ms]
2025-10-04 16:34:55.439 [info] > git for-each-ref --sort -committerdate --format %(refname)%00%(objectname)%00%(*objectname) [5ms]
2025-10-04 20:35:47.570 [info] > git config --get commit.template [25ms]
2025-10-04 20:35:47.583 [info] > git for-each-ref --format=%(refname)%00%(upstream:short)%00%(objectname)%00%(upstream:track)%00%(upstream:remotename)%00%(upstream:remoteref) refs/heads/develop refs/remotes/develop [26ms]
2025-10-04 20:35:47.592 [warning] [Git][revParse] Unable to read file: ENOENT: no such file or directory, open '/home/juanqg/esp32cam/esp32cam-ready/.git/refs/remotes/origin/develop'
2025-10-04 20:35:47.594 [info] > git rev-parse refs/remotes/origin/develop [2ms]
2025-10-04 20:35:47.621 [info] > git status -z -uall [18ms]
2025-10-04 20:35:47.623 [info] > git for-each-ref --sort -committerdate --format %(refname)%00%(objectname)%00%(*objectname) [3ms]
