2025-10-04 20:35:37.934 [info] [main] Log level: Info
2025-10-04 20:35:37.934 [info] [main] Validating found git in: "git"
2025-10-04 20:35:37.934 [info] [main] Using git "2.51.0" from "git"
2025-10-04 20:35:37.934 [info] [Model][doInitialScan] Initial repository scan started
2025-10-04 20:35:37.934 [info] > git rev-parse --show-toplevel [46ms]
2025-10-04 20:35:37.934 [info] fatal: not a git repository (or any parent up to mount point /)
Stopping at filesystem boundary (GIT_DISCOVERY_ACROSS_FILESYSTEM not set).
2025-10-04 20:35:37.934 [info] > git rev-parse --show-toplevel [10ms]
2025-10-04 20:35:37.934 [info] fatal: not a git repository (or any parent up to mount point /)
Stopping at filesystem boundary (GIT_DISCOVERY_ACROSS_FILESYSTEM not set).
2025-10-04 20:35:37.934 [info] > git rev-parse --show-toplevel [16ms]
2025-10-04 20:35:37.934 [info] fatal: not a git repository (or any parent up to mount point /)
Stopping at filesystem boundary (GIT_DISCOVERY_ACROSS_FILESYSTEM not set).
2025-10-04 20:35:37.934 [info] > git rev-parse --show-toplevel [99ms]
2025-10-04 20:35:37.934 [info] fatal: not a git repository (or any parent up to mount point /)
Stopping at filesystem boundary (GIT_DISCOVERY_ACROSS_FILESYSTEM not set).
2025-10-04 20:35:37.935 [info] > git rev-parse --show-toplevel [8ms]
2025-10-04 20:35:37.935 [info] fatal: not a git repository (or any parent up to mount point /)
Stopping at filesystem boundary (GIT_DISCOVERY_ACROSS_FILESYSTEM not set).
2025-10-04 20:35:37.944 [info] > git rev-parse --show-toplevel [5ms]
2025-10-04 20:35:37.944 [info] fatal: not a git repository (or any parent up to mount point /)
Stopping at filesystem boundary (GIT_DISCOVERY_ACROSS_FILESYSTEM not set).
2025-10-04 20:35:37.953 [info] > git rev-parse --show-toplevel [3ms]
2025-10-04 20:35:37.953 [info] fatal: not a git repository (or any parent up to mount point /)
Stopping at filesystem boundary (GIT_DISCOVERY_ACROSS_FILESYSTEM not set).
2025-10-04 20:35:37.966 [info] > git rev-parse --show-toplevel [5ms]
2025-10-04 20:35:37.966 [info] fatal: not a git repository (or any parent up to mount point /)
Stopping at filesystem boundary (GIT_DISCOVERY_ACROSS_FILESYSTEM not set).
2025-10-04 20:35:37.980 [info] > git rev-parse --show-toplevel [6ms]
2025-10-04 20:35:37.980 [info] fatal: not a git repository (or any parent up to mount point /)
Stopping at filesystem boundary (GIT_DISCOVERY_ACROSS_FILESYSTEM not set).
2025-10-04 20:35:38.371 [info] > git rev-parse --show-toplevel [376ms]
2025-10-04 20:35:38.371 [info] fatal: not a git repository (or any parent up to mount point /)
Stopping at filesystem boundary (GIT_DISCOVERY_ACROSS_FILESYSTEM not set).
2025-10-04 20:35:38.453 [info] > git rev-parse --show-toplevel [4ms]
2025-10-04 20:35:38.453 [info] fatal: not a git repository (or any parent up to mount point /)
Stopping at filesystem boundary (GIT_DISCOVERY_ACROSS_FILESYSTEM not set).
2025-10-04 20:35:38.520 [info] > git rev-parse --show-toplevel [61ms]
2025-10-04 20:35:38.520 [info] fatal: not a git repository (or any parent up to mount point /)
Stopping at filesystem boundary (GIT_DISCOVERY_ACROSS_FILESYSTEM not set).
2025-10-04 20:35:38.539 [info] > git rev-parse --show-toplevel [8ms]
2025-10-04 20:35:38.539 [info] fatal: not a git repository (or any parent up to mount point /)
Stopping at filesystem boundary (GIT_DISCOVERY_ACROSS_FILESYSTEM not set).
2025-10-04 20:35:38.617 [info] > git rev-parse --show-toplevel [4ms]
2025-10-04 20:35:38.617 [info] fatal: not a git repository (or any parent up to mount point /)
Stopping at filesystem boundary (GIT_DISCOVERY_ACROSS_FILESYSTEM not set).
2025-10-04 20:35:38.626 [info] > git rev-parse --show-toplevel [2ms]
2025-10-04 20:35:38.626 [info] fatal: not a git repository (or any parent up to mount point /)
Stopping at filesystem boundary (GIT_DISCOVERY_ACROSS_FILESYSTEM not set).
2025-10-04 20:35:38.659 [info] > git rev-parse --show-toplevel [7ms]
2025-10-04 20:35:38.659 [info] fatal: not a git repository (or any parent up to mount point /)
Stopping at filesystem boundary (GIT_DISCOVERY_ACROSS_FILESYSTEM not set).
2025-10-04 20:35:38.735 [info] > git rev-parse --show-toplevel [4ms]
2025-10-04 20:35:38.735 [info] fatal: not a git repository (or any parent up to mount point /)
Stopping at filesystem boundary (GIT_DISCOVERY_ACROSS_FILESYSTEM not set).
2025-10-04 20:35:38.760 [info] > git rev-parse --show-toplevel [7ms]
2025-10-04 20:35:38.760 [info] fatal: not a git repository (or any parent up to mount point /)
Stopping at filesystem boundary (GIT_DISCOVERY_ACROSS_FILESYSTEM not set).
2025-10-04 20:35:38.869 [info] > git rev-parse --show-toplevel [96ms]
2025-10-04 20:35:38.870 [info] fatal: not a git repository (or any parent up to mount point /)
Stopping at filesystem boundary (GIT_DISCOVERY_ACROSS_FILESYSTEM not set).
2025-10-04 20:35:38.887 [info] > git rev-parse --show-toplevel [6ms]
2025-10-04 20:35:38.887 [info] fatal: not a git repository (or any parent up to mount point /)
Stopping at filesystem boundary (GIT_DISCOVERY_ACROSS_FILESYSTEM not set).
2025-10-04 20:35:38.901 [info] > git rev-parse --show-toplevel [4ms]
2025-10-04 20:35:38.901 [info] fatal: not a git repository (or any parent up to mount point /)
Stopping at filesystem boundary (GIT_DISCOVERY_ACROSS_FILESYSTEM not set).
2025-10-04 20:35:38.913 [info] > git rev-parse --show-toplevel [4ms]
2025-10-04 20:35:38.913 [info] fatal: not a git repository (or any parent up to mount point /)
Stopping at filesystem boundary (GIT_DISCOVERY_ACROSS_FILESYSTEM not set).
2025-10-04 20:35:38.919 [info] [Model][doInitialScan] Initial repository scan completed - repositories (0), closed repositories (0), parent repositories (0), unsafe repositories (0)
2025-10-04 20:35:38.928 [info] > git rev-parse --show-toplevel [1ms]
2025-10-04 20:35:38.929 [info] fatal: not a git repository (or any parent up to mount point /)
Stopping at filesystem boundary (GIT_DISCOVERY_ACROSS_FILESYSTEM not set).
2025-10-04 20:35:38.954 [info] > git rev-parse --show-toplevel [11ms]
2025-10-04 20:35:38.954 [info] fatal: not a git repository (or any parent up to mount point /)
Stopping at filesystem boundary (GIT_DISCOVERY_ACROSS_FILESYSTEM not set).
2025-10-04 20:35:39.235 [info] > git rev-parse --show-toplevel [5ms]
2025-10-04 20:35:39.235 [info] fatal: not a git repository (or any parent up to mount point /)
Stopping at filesystem boundary (GIT_DISCOVERY_ACROSS_FILESYSTEM not set).
2025-10-04 20:35:39.731 [info] > git rev-parse --show-toplevel [8ms]
2025-10-04 20:35:39.731 [info] fatal: not a git repository (or any parent up to mount point /)
Stopping at filesystem boundary (GIT_DISCOVERY_ACROSS_FILESYSTEM not set).
2025-10-04 20:35:40.078 [info] > git rev-parse --show-toplevel [1ms]
2025-10-04 20:35:40.078 [info] fatal: not a git repository (or any parent up to mount point /)
Stopping at filesystem boundary (GIT_DISCOVERY_ACROSS_FILESYSTEM not set).
2025-10-04 20:37:28.746 [info] > git rev-parse --show-toplevel [9ms]
2025-10-04 20:37:28.746 [info] fatal: not a git repository (or any parent up to mount point /)
Stopping at filesystem boundary (GIT_DISCOVERY_ACROSS_FILESYSTEM not set).
2025-10-04 20:37:29.737 [info] > git rev-parse --show-toplevel [4ms]
2025-10-04 20:37:29.737 [info] fatal: not a git repository (or any parent up to mount point /)
Stopping at filesystem boundary (GIT_DISCOVERY_ACROSS_FILESYSTEM not set).
2025-10-04 20:37:31.892 [warning] [Model][getRepositoryExact] Failed to get repository realpath for: "/home/juanqg/.vscode/extensions/.f007b231-1b88-4baf-9d5e-7472eb468f19/node_modules/balanced-match/". Error:Error: ENOENT: no such file or directory, realpath '/home/juanqg/.vscode/extensions/.f007b231-1b88-4baf-9d5e-7472eb468f19/node_modules/balanced-match/'
2025-10-04 20:37:31.915 [warning] [Model][getRepositoryExact] Failed to get repository realpath for: "/home/juanqg/.vscode/extensions/.f007b231-1b88-4baf-9d5e-7472eb468f19/node_modules/brace-expansion/". Error:Error: ENOENT: no such file or directory, realpath '/home/juanqg/.vscode/extensions/.f007b231-1b88-4baf-9d5e-7472eb468f19/node_modules/brace-expansion/'
2025-10-04 20:37:31.924 [warning] [Model][getRepositoryExact] Failed to get repository realpath for: "/home/juanqg/.vscode/extensions/.f007b231-1b88-4baf-9d5e-7472eb468f19/node_modules/define-data-property/". Error:Error: ENOENT: no such file or directory, realpath '/home/juanqg/.vscode/extensions/.f007b231-1b88-4baf-9d5e-7472eb468f19/node_modules/define-data-property/'
2025-10-04 20:37:31.952 [warning] [Model][getRepositoryExact] Failed to get repository realpath for: "/home/juanqg/.vscode/extensions/.f007b231-1b88-4baf-9d5e-7472eb468f19/node_modules/define-properties/". Error:Error: ENOENT: no such file or directory, realpath '/home/juanqg/.vscode/extensions/.f007b231-1b88-4baf-9d5e-7472eb468f19/node_modules/define-properties/'
2025-10-04 20:37:31.972 [warning] [Model][getRepositoryExact] Failed to get repository realpath for: "/home/juanqg/.vscode/extensions/.f007b231-1b88-4baf-9d5e-7472eb468f19/node_modules/es-define-property/". Error:Error: ENOENT: no such file or directory, realpath '/home/juanqg/.vscode/extensions/.f007b231-1b88-4baf-9d5e-7472eb468f19/node_modules/es-define-property/'
2025-10-04 20:37:32.002 [warning] [Model][getRepositoryExact] Failed to get repository realpath for: "/home/juanqg/.vscode/extensions/.f007b231-1b88-4baf-9d5e-7472eb468f19/node_modules/es-errors/". Error:Error: ENOENT: no such file or directory, realpath '/home/juanqg/.vscode/extensions/.f007b231-1b88-4baf-9d5e-7472eb468f19/node_modules/es-errors/'
2025-10-04 20:37:32.020 [warning] [Model][getRepositoryExact] Failed to get repository realpath for: "/home/juanqg/.vscode/extensions/.f007b231-1b88-4baf-9d5e-7472eb468f19/node_modules/gopd/". Error:Error: ENOENT: no such file or directory, realpath '/home/juanqg/.vscode/extensions/.f007b231-1b88-4baf-9d5e-7472eb468f19/node_modules/gopd/'
2025-10-04 20:37:32.031 [warning] [Model][getRepositoryExact] Failed to get repository realpath for: "/home/juanqg/.vscode/extensions/.f007b231-1b88-4baf-9d5e-7472eb468f19/node_modules/has-property-descriptors/". Error:Error: ENOENT: no such file or directory, realpath '/home/juanqg/.vscode/extensions/.f007b231-1b88-4baf-9d5e-7472eb468f19/node_modules/has-property-descriptors/'
2025-10-04 20:37:32.039 [warning] [Model][getRepositoryExact] Failed to get repository realpath for: "/home/juanqg/.vscode/extensions/.f007b231-1b88-4baf-9d5e-7472eb468f19/node_modules/pump/". Error:Error: ENOENT: no such file or directory, realpath '/home/juanqg/.vscode/extensions/.f007b231-1b88-4baf-9d5e-7472eb468f19/node_modules/pump/'
2025-10-04 20:37:32.050 [warning] [Model][getRepositoryExact] Failed to get repository realpath for: "/home/juanqg/.vscode/extensions/.f007b231-1b88-4baf-9d5e-7472eb468f19/node_modules/sprintf-js/dist/". Error:Error: ENOENT: no such file or directory, realpath '/home/juanqg/.vscode/extensions/.f007b231-1b88-4baf-9d5e-7472eb468f19/node_modules/sprintf-js/dist/'
2025-10-04 20:37:39.054 [info] > git rev-parse --show-toplevel [4ms]
2025-10-04 20:37:39.054 [info] fatal: not a git repository (or any parent up to mount point /)
Stopping at filesystem boundary (GIT_DISCOVERY_ACROSS_FILESYSTEM not set).
