2025-10-04 20:40:15.130 [info] [main] Log level: Info
2025-10-04 20:40:15.130 [info] [main] Validating found git in: "git"
2025-10-04 20:40:15.130 [info] [main] Using git "2.51.0" from "git"
2025-10-04 20:40:15.130 [info] [Model][doInitialScan] Initial repository scan started
2025-10-04 20:40:15.130 [info] > git rev-parse --show-toplevel [31ms]
2025-10-04 20:40:15.130 [info] fatal: not a git repository (or any parent up to mount point /)
Stopping at filesystem boundary (GIT_DISCOVERY_ACROSS_FILESYSTEM not set).
2025-10-04 20:40:16.705 [info] > git rev-parse --show-toplevel [29ms]
2025-10-04 20:40:16.705 [info] fatal: not a git repository (or any parent up to mount point /)
Stopping at filesystem boundary (GIT_DISCOVERY_ACROSS_FILESYSTEM not set).
2025-10-04 20:40:17.578 [info] > git rev-parse --show-toplevel [27ms]
2025-10-04 20:40:17.578 [info] fatal: not a git repository (or any parent up to mount point /)
Stopping at filesystem boundary (GIT_DISCOVERY_ACROSS_FILESYSTEM not set).
2025-10-04 20:40:17.600 [info] > git rev-parse --show-toplevel [7ms]
2025-10-04 20:40:17.600 [info] fatal: not a git repository (or any parent up to mount point /)
Stopping at filesystem boundary (GIT_DISCOVERY_ACROSS_FILESYSTEM not set).
2025-10-04 20:40:18.340 [info] > git rev-parse --show-toplevel [368ms]
2025-10-04 20:40:18.340 [info] fatal: not a git repository (or any parent up to mount point /)
Stopping at filesystem boundary (GIT_DISCOVERY_ACROSS_FILESYSTEM not set).
2025-10-04 20:40:18.590 [info] > git rev-parse --show-toplevel [152ms]
2025-10-04 20:40:18.590 [info] fatal: not a git repository (or any parent up to mount point /)
Stopping at filesystem boundary (GIT_DISCOVERY_ACROSS_FILESYSTEM not set).
2025-10-04 20:40:18.681 [info] > git rev-parse --show-toplevel [49ms]
2025-10-04 20:40:18.681 [info] fatal: not a git repository (or any parent up to mount point /)
Stopping at filesystem boundary (GIT_DISCOVERY_ACROSS_FILESYSTEM not set).
2025-10-04 20:40:19.257 [info] > git rev-parse --show-toplevel [534ms]
2025-10-04 20:40:19.257 [info] fatal: not a git repository (or any parent up to mount point /)
Stopping at filesystem boundary (GIT_DISCOVERY_ACROSS_FILESYSTEM not set).
2025-10-04 20:40:19.359 [info] > git rev-parse --show-toplevel [72ms]
2025-10-04 20:40:19.359 [info] fatal: not a git repository (or any parent up to mount point /)
Stopping at filesystem boundary (GIT_DISCOVERY_ACROSS_FILESYSTEM not set).
2025-10-04 20:40:19.479 [info] > git rev-parse --show-toplevel [101ms]
2025-10-04 20:40:19.479 [info] fatal: not a git repository (or any parent up to mount point /)
Stopping at filesystem boundary (GIT_DISCOVERY_ACROSS_FILESYSTEM not set).
2025-10-04 20:40:19.528 [info] > git rev-parse --show-toplevel [21ms]
2025-10-04 20:40:19.528 [info] fatal: not a git repository (or any parent up to mount point /)
Stopping at filesystem boundary (GIT_DISCOVERY_ACROSS_FILESYSTEM not set).
2025-10-04 20:40:19.622 [info] > git rev-parse --show-toplevel [72ms]
2025-10-04 20:40:19.622 [info] fatal: not a git repository (or any parent up to mount point /)
Stopping at filesystem boundary (GIT_DISCOVERY_ACROSS_FILESYSTEM not set).
2025-10-04 20:40:19.639 [info] > git rev-parse --show-toplevel [4ms]
2025-10-04 20:40:19.639 [info] fatal: not a git repository (or any parent up to mount point /)
Stopping at filesystem boundary (GIT_DISCOVERY_ACROSS_FILESYSTEM not set).
2025-10-04 20:40:19.679 [info] > git rev-parse --show-toplevel [31ms]
2025-10-04 20:40:19.679 [info] fatal: not a git repository (or any parent up to mount point /)
Stopping at filesystem boundary (GIT_DISCOVERY_ACROSS_FILESYSTEM not set).
2025-10-04 20:40:19.709 [info] > git rev-parse --show-toplevel [7ms]
2025-10-04 20:40:19.709 [info] fatal: not a git repository (or any parent up to mount point /)
Stopping at filesystem boundary (GIT_DISCOVERY_ACROSS_FILESYSTEM not set).
2025-10-04 20:40:19.732 [info] > git rev-parse --show-toplevel [11ms]
2025-10-04 20:40:19.732 [info] fatal: not a git repository (or any parent up to mount point /)
Stopping at filesystem boundary (GIT_DISCOVERY_ACROSS_FILESYSTEM not set).
2025-10-04 20:40:19.758 [info] > git rev-parse --show-toplevel [10ms]
2025-10-04 20:40:19.758 [info] fatal: not a git repository (or any parent up to mount point /)
Stopping at filesystem boundary (GIT_DISCOVERY_ACROSS_FILESYSTEM not set).
2025-10-04 20:40:19.788 [info] > git rev-parse --show-toplevel [11ms]
2025-10-04 20:40:19.788 [info] fatal: not a git repository (or any parent up to mount point /)
Stopping at filesystem boundary (GIT_DISCOVERY_ACROSS_FILESYSTEM not set).
2025-10-04 20:40:19.807 [info] > git rev-parse --show-toplevel [1ms]
2025-10-04 20:40:19.807 [info] fatal: not a git repository (or any parent up to mount point /)
Stopping at filesystem boundary (GIT_DISCOVERY_ACROSS_FILESYSTEM not set).
2025-10-04 20:40:19.822 [info] > git rev-parse --show-toplevel [2ms]
2025-10-04 20:40:19.822 [info] fatal: not a git repository (or any parent up to mount point /)
Stopping at filesystem boundary (GIT_DISCOVERY_ACROSS_FILESYSTEM not set).
2025-10-04 20:40:19.833 [info] > git rev-parse --show-toplevel [1ms]
2025-10-04 20:40:19.833 [info] fatal: not a git repository (or any parent up to mount point /)
Stopping at filesystem boundary (GIT_DISCOVERY_ACROSS_FILESYSTEM not set).
2025-10-04 20:40:19.853 [info] > git rev-parse --show-toplevel [7ms]
2025-10-04 20:40:19.853 [info] fatal: not a git repository (or any parent up to mount point /)
Stopping at filesystem boundary (GIT_DISCOVERY_ACROSS_FILESYSTEM not set).
2025-10-04 20:40:19.858 [info] [Model][doInitialScan] Initial repository scan completed - repositories (0), closed repositories (0), parent repositories (0), unsafe repositories (0)
2025-10-04 20:40:19.885 [info] > git rev-parse --show-toplevel [7ms]
2025-10-04 20:40:19.885 [info] fatal: not a git repository (or any parent up to mount point /)
Stopping at filesystem boundary (GIT_DISCOVERY_ACROSS_FILESYSTEM not set).
2025-10-04 20:40:19.908 [info] > git rev-parse --show-toplevel [6ms]
2025-10-04 20:40:19.908 [info] fatal: not a git repository (or any parent up to mount point /)
Stopping at filesystem boundary (GIT_DISCOVERY_ACROSS_FILESYSTEM not set).
2025-10-04 20:40:19.934 [info] > git rev-parse --show-toplevel [6ms]
2025-10-04 20:40:19.934 [info] fatal: not a git repository (or any parent up to mount point /)
Stopping at filesystem boundary (GIT_DISCOVERY_ACROSS_FILESYSTEM not set).
2025-10-04 20:40:19.966 [info] > git rev-parse --show-toplevel [12ms]
2025-10-04 20:40:19.966 [info] fatal: not a git repository (or any parent up to mount point /)
Stopping at filesystem boundary (GIT_DISCOVERY_ACROSS_FILESYSTEM not set).
2025-10-04 20:41:25.336 [info] [main] Log level: Info
2025-10-04 20:41:25.336 [info] [main] Validating found git in: "git"
2025-10-04 20:41:25.336 [info] [main] Using git "2.51.0" from "git"
2025-10-04 20:41:25.336 [info] [Model][doInitialScan] Initial repository scan started
2025-10-04 20:41:25.336 [info] > git rev-parse --show-toplevel [26ms]
2025-10-04 20:41:25.336 [info] > git rev-parse --git-dir --git-common-dir --show-superproject-working-tree [49ms]
2025-10-04 20:41:25.336 [info] [Model][openRepository] Opened repository (path): /home/juanqg/esp32cam/esp32cam-ready
2025-10-04 20:41:25.336 [info] [Model][openRepository] Opened repository (real path): /home/juanqg/esp32cam/esp32cam-ready
2025-10-04 20:41:25.336 [info] [Model][openRepository] Opened repository (kind): repository
2025-10-04 20:41:25.362 [info] > git config --get commit.template [26ms]
2025-10-04 20:41:25.374 [info] > git for-each-ref --format=%(refname)%00%(upstream:short)%00%(objectname)%00%(upstream:track)%00%(upstream:remotename)%00%(upstream:remoteref) refs/heads/develop refs/remotes/develop [17ms]
2025-10-04 20:41:25.382 [warning] [Git][revParse] Unable to read file: ENOENT: no such file or directory, open '/home/juanqg/esp32cam/esp32cam-ready/.git/refs/remotes/origin/develop'
2025-10-04 20:41:25.383 [info] > git rev-parse --show-toplevel [11ms]
2025-10-04 20:41:25.397 [info] > git rev-parse refs/remotes/origin/develop [15ms]
2025-10-04 20:41:25.424 [info] > git status -z -uall [16ms]
2025-10-04 20:41:25.425 [info] > git rev-parse --show-toplevel [31ms]
2025-10-04 20:41:25.432 [info] > git for-each-ref --sort -committerdate --format %(refname)%00%(objectname)%00%(*objectname) [13ms]
2025-10-04 20:41:25.503 [info] > git for-each-ref --format=%(refname)%00%(upstream:short)%00%(objectname)%00%(upstream:track)%00%(upstream:remotename)%00%(upstream:remoteref) refs/heads/develop refs/remotes/develop [14ms]
2025-10-04 20:41:25.510 [info] > git rev-parse --show-toplevel [78ms]
2025-10-04 20:41:25.525 [info] > git config --get commit.template [25ms]
2025-10-04 20:41:25.531 [info] > git config --get --local branch.develop.vscode-merge-base [21ms]
2025-10-04 20:41:25.539 [info] > git rev-parse --show-toplevel [15ms]
2025-10-04 20:41:25.682 [info] > git for-each-ref --format=%(refname)%00%(upstream:short)%00%(objectname)%00%(upstream:track)%00%(upstream:remotename)%00%(upstream:remoteref) refs/heads/origin/develop refs/remotes/origin/develop [143ms]
2025-10-04 20:41:25.716 [info] > git merge-base refs/heads/develop refs/remotes/origin/develop [7ms]
2025-10-04 20:41:25.725 [info] > git rev-parse --show-toplevel [43ms]
2025-10-04 20:41:25.725 [info] > git for-each-ref --format=%(refname)%00%(upstream:short)%00%(objectname)%00%(upstream:track)%00%(upstream:remotename)%00%(upstream:remoteref) refs/heads/develop refs/remotes/develop [58ms]
2025-10-04 20:41:25.742 [warning] [Git][revParse] Unable to read file: ENOENT: no such file or directory, open '/home/juanqg/esp32cam/esp32cam-ready/.git/refs/remotes/origin/develop'
2025-10-04 20:41:25.745 [info] > git rev-parse --show-toplevel [11ms]
2025-10-04 20:41:25.745 [info] > git diff --name-status -z --diff-filter=ADMR 752674b5d846fd04b82e52a65ff4a749df2fa573...refs/remotes/origin/develop [20ms]
2025-10-04 20:41:25.754 [info] > git rev-parse refs/remotes/origin/develop [12ms]
2025-10-04 20:41:25.780 [info] > git status -z -uall [20ms]
2025-10-04 20:41:25.781 [info] > git rev-parse --show-toplevel [27ms]
2025-10-04 20:41:25.786 [info] > git for-each-ref --sort -committerdate --format %(refname)%00%(objectname)%00%(*objectname) [16ms]
2025-10-04 20:41:25.792 [info] > git rev-parse --show-toplevel [6ms]
2025-10-04 20:41:25.794 [info] [Model][doInitialScan] Initial repository scan completed - repositories (1), closed repositories (0), parent repositories (0), unsafe repositories (0)
2025-10-04 20:41:26.182 [info] > git check-ignore -v -z --stdin [24ms]
2025-10-04 20:41:36.238 [info] > git show --textconv :platformio.ini [30ms]
2025-10-04 20:41:36.247 [info] > git ls-files --stage -- platformio.ini [9ms]
2025-10-04 20:41:36.278 [info] > git cat-file -s 3009dfccf7502105170c51198abe0d9dd40b283e [7ms]
2025-10-04 20:41:40.083 [info] > git check-ignore -v -z --stdin [7ms]
2025-10-04 20:41:40.305 [info] > git config --get commit.template [28ms]
2025-10-04 20:41:40.314 [info] > git for-each-ref --format=%(refname)%00%(upstream:short)%00%(objectname)%00%(upstream:track)%00%(upstream:remotename)%00%(upstream:remoteref) refs/heads/develop refs/remotes/develop [10ms]
2025-10-04 20:41:40.329 [warning] [Git][revParse] Unable to read file: ENOENT: no such file or directory, open '/home/juanqg/esp32cam/esp32cam-ready/.git/refs/remotes/origin/develop'
2025-10-04 20:41:40.335 [info] > git rev-parse refs/remotes/origin/develop [7ms]
2025-10-04 20:41:40.386 [info] > git status -z -uall [30ms]
2025-10-04 20:41:40.397 [info] > git for-each-ref --sort -committerdate --format %(refname)%00%(objectname)%00%(*objectname) [11ms]
2025-10-04 20:41:45.459 [info] > git config --get commit.template [12ms]
2025-10-04 20:41:45.465 [info] > git for-each-ref --format=%(refname)%00%(upstream:short)%00%(objectname)%00%(upstream:track)%00%(upstream:remotename)%00%(upstream:remoteref) refs/heads/develop refs/remotes/develop [9ms]
2025-10-04 20:41:45.495 [warning] [Git][revParse] Unable to read file: ENOENT: no such file or directory, open '/home/juanqg/esp32cam/esp32cam-ready/.git/refs/remotes/origin/develop'
2025-10-04 20:41:45.529 [info] > git rev-parse refs/remotes/origin/develop [34ms]
2025-10-04 20:41:45.730 [info] > git status -z -uall [21ms]
2025-10-04 20:41:45.731 [info] > git for-each-ref --sort -committerdate --format %(refname)%00%(objectname)%00%(*objectname) [3ms]
2025-10-04 20:41:53.005 [info] > git check-ignore -v -z --stdin [3ms]
2025-10-04 20:41:57.316 [info] > git show --textconv :src/main.cpp [38ms]
2025-10-04 20:41:57.318 [info] > git ls-files --stage -- src/main.cpp [3ms]
2025-10-04 20:41:57.350 [info] > git cat-file -s 7f8a72af32ceb3c77116d0ed613eea48db433f75 [24ms]
2025-10-04 20:42:54.392 [info] > git show --textconv :src/espcam_webserver.h [25ms]
2025-10-04 20:42:54.392 [info] > git ls-files --stage -- src/espcam_webserver.h [3ms]
2025-10-04 20:42:54.420 [info] > git cat-file -s 91129f08361efef2edd591b83c77b57842ce9af9 [12ms]
2025-10-04 20:43:00.609 [info] > git show --textconv :src/espcam_webserver.cpp [17ms]
2025-10-04 20:43:00.620 [info] > git ls-files --stage -- src/espcam_webserver.cpp [12ms]
2025-10-04 20:43:00.647 [info] > git cat-file -s 3b1f7b0cb5bea4639159bec92ba57e96b8923ba7 [7ms]
2025-10-04 20:44:17.542 [info] > git config --get commit.template [1ms]
2025-10-04 20:44:17.559 [info] > git for-each-ref --format=%(refname)%00%(upstream:short)%00%(objectname)%00%(upstream:track)%00%(upstream:remotename)%00%(upstream:remoteref) refs/heads/develop refs/remotes/develop [3ms]
2025-10-04 20:44:17.571 [warning] [Git][revParse] Unable to read file: ENOENT: no such file or directory, open '/home/juanqg/esp32cam/esp32cam-ready/.git/refs/remotes/origin/develop'
2025-10-04 20:44:17.573 [info] > git rev-parse refs/remotes/origin/develop [2ms]
2025-10-04 20:44:17.604 [info] > git status -z -uall [21ms]
2025-10-04 20:44:17.606 [info] > git for-each-ref --sort -committerdate --format %(refname)%00%(objectname)%00%(*objectname) [6ms]
2025-10-04 20:44:22.626 [info] > git config --get commit.template [1ms]
2025-10-04 20:44:22.634 [info] > git for-each-ref --format=%(refname)%00%(upstream:short)%00%(objectname)%00%(upstream:track)%00%(upstream:remotename)%00%(upstream:remoteref) refs/heads/develop refs/remotes/develop [1ms]
2025-10-04 20:44:22.639 [warning] [Git][revParse] Unable to read file: ENOENT: no such file or directory, open '/home/juanqg/esp32cam/esp32cam-ready/.git/refs/remotes/origin/develop'
2025-10-04 20:44:22.640 [info] > git rev-parse refs/remotes/origin/develop [1ms]
2025-10-04 20:44:22.663 [info] > git status -z -uall [16ms]
2025-10-04 20:44:22.665 [info] > git for-each-ref --sort -committerdate --format %(refname)%00%(objectname)%00%(*objectname) [8ms]
2025-10-04 20:44:54.396 [info] > git check-ignore -v -z --stdin [2ms]
2025-10-04 20:44:56.787 [info] > git check-ignore -v -z --stdin [1ms]
2025-10-04 20:44:58.707 [info] > git check-ignore -v -z --stdin [1ms]
2025-10-04 20:48:38.074 [info] > git show --textconv :src/main.cpp [27ms]
2025-10-04 20:48:38.074 [info] > git ls-files --stage -- src/main.cpp [1ms]
2025-10-04 20:48:38.091 [info] > git cat-file -s 7f8a72af32ceb3c77116d0ed613eea48db433f75 [4ms]
2025-10-04 20:48:41.605 [info] > git show --textconv :platformio.ini [20ms]
2025-10-04 20:48:41.609 [info] > git ls-files --stage -- platformio.ini [7ms]
2025-10-04 20:48:41.629 [info] > git cat-file -s 3009dfccf7502105170c51198abe0d9dd40b283e [4ms]
2025-10-04 20:48:43.886 [info] > git blame --root --incremental 752674b5d846fd04b82e52a65ff4a749df2fa573 -- platformio.ini [4ms]
2025-10-04 20:49:56.478 [info] > git config --get commit.template [14ms]
2025-10-04 20:49:56.479 [info] > git for-each-ref --format=%(refname)%00%(upstream:short)%00%(objectname)%00%(upstream:track)%00%(upstream:remotename)%00%(upstream:remoteref) refs/heads/develop refs/remotes/develop [3ms]
2025-10-04 20:49:56.489 [warning] [Git][revParse] Unable to read file: ENOENT: no such file or directory, open '/home/juanqg/esp32cam/esp32cam-ready/.git/refs/remotes/origin/develop'
2025-10-04 20:49:56.489 [info] > git rev-parse refs/remotes/origin/develop [0ms]
2025-10-04 20:49:56.512 [info] > git status -z -uall [16ms]
2025-10-04 20:49:56.513 [info] > git for-each-ref --sort -committerdate --format %(refname)%00%(objectname)%00%(*objectname) [2ms]
2025-10-04 20:50:01.530 [info] > git config --get commit.template [2ms]
2025-10-04 20:50:01.536 [info] > git for-each-ref --format=%(refname)%00%(upstream:short)%00%(objectname)%00%(upstream:track)%00%(upstream:remotename)%00%(upstream:remoteref) refs/heads/develop refs/remotes/develop [1ms]
2025-10-04 20:50:01.541 [warning] [Git][revParse] Unable to read file: ENOENT: no such file or directory, open '/home/juanqg/esp32cam/esp32cam-ready/.git/refs/remotes/origin/develop'
2025-10-04 20:50:01.542 [info] > git rev-parse refs/remotes/origin/develop [1ms]
2025-10-04 20:50:01.552 [info] > git status -z -uall [6ms]
2025-10-04 20:50:01.553 [info] > git for-each-ref --sort -committerdate --format %(refname)%00%(objectname)%00%(*objectname) [2ms]
2025-10-04 21:04:02.822 [info] > git show --textconv :src/espcam_webserver.cpp [43ms]
2025-10-04 21:04:02.834 [info] > git ls-files --stage -- src/espcam_webserver.cpp [13ms]
2025-10-04 21:04:02.847 [info] > git cat-file -s 3b1f7b0cb5bea4639159bec92ba57e96b8923ba7 [3ms]
2025-10-04 21:04:27.034 [info] > git show --textconv :src/espcam_webserver.h [21ms]
2025-10-04 21:04:27.044 [info] > git ls-files --stage -- src/espcam_webserver.h [11ms]
2025-10-04 21:04:27.079 [info] > git cat-file -s 91129f08361efef2edd591b83c77b57842ce9af9 [9ms]
2025-10-04 21:04:35.506 [info] > git show --textconv :src/main.cpp [36ms]
2025-10-04 21:04:35.515 [info] > git ls-files --stage -- src/main.cpp [16ms]
2025-10-04 21:04:35.551 [info] > git cat-file -s 7f8a72af32ceb3c77116d0ed613eea48db433f75 [13ms]
2025-10-04 21:05:15.629 [info] > git blame --root --incremental 752674b5d846fd04b82e52a65ff4a749df2fa573 -- src/main.cpp [7ms]
2025-10-04 21:06:20.063 [info] > git for-each-ref --format=%(refname)%00%(upstream:short)%00%(objectname)%00%(upstream:track)%00%(upstream:remotename)%00%(upstream:remoteref) refs/heads/develop refs/remotes/develop [2ms]
2025-10-04 21:06:20.065 [info] > git config --get commit.template [32ms]
2025-10-04 21:06:20.092 [warning] [Git][revParse] Unable to read file: ENOENT: no such file or directory, open '/home/juanqg/esp32cam/esp32cam-ready/.git/refs/remotes/origin/develop'
2025-10-04 21:06:20.104 [info] > git rev-parse refs/remotes/origin/develop [12ms]
2025-10-04 21:06:20.139 [info] > git status -z -uall [17ms]
2025-10-04 21:06:20.141 [info] > git for-each-ref --sort -committerdate --format %(refname)%00%(objectname)%00%(*objectname) [5ms]
2025-10-04 21:06:25.218 [info] > git config --get commit.template [18ms]
2025-10-04 21:06:25.261 [info] > git for-each-ref --format=%(refname)%00%(upstream:short)%00%(objectname)%00%(upstream:track)%00%(upstream:remotename)%00%(upstream:remoteref) refs/heads/develop refs/remotes/develop [4ms]
2025-10-04 21:06:25.310 [warning] [Git][revParse] Unable to read file: ENOENT: no such file or directory, open '/home/juanqg/esp32cam/esp32cam-ready/.git/refs/remotes/origin/develop'
2025-10-04 21:06:25.312 [info] > git rev-parse refs/remotes/origin/develop [3ms]
2025-10-04 21:06:25.381 [info] > git status -z -uall [39ms]
2025-10-04 21:06:25.391 [info] > git for-each-ref --sort -committerdate --format %(refname)%00%(objectname)%00%(*objectname) [16ms]
2025-10-04 21:58:35.028 [info] [main] Log level: Info
2025-10-04 21:58:35.032 [info] [main] Validating found git in: "git"
2025-10-04 21:58:35.032 [info] [main] Using git "2.51.0" from "git"
2025-10-04 21:58:35.032 [info] [Model][doInitialScan] Initial repository scan started
2025-10-04 21:58:35.032 [info] > git rev-parse --show-toplevel [211ms]
2025-10-04 21:58:35.224 [info] > git rev-parse --git-dir --git-common-dir --show-superproject-working-tree [42ms]
2025-10-04 21:58:35.249 [info] [Model][openRepository] Opened repository (path): /home/juanqg/esp32cam/esp32cam-ready
2025-10-04 21:58:35.249 [info] [Model][openRepository] Opened repository (real path): /home/juanqg/esp32cam/esp32cam-ready
2025-10-04 21:58:35.249 [info] [Model][openRepository] Opened repository (kind): repository
2025-10-04 21:58:35.348 [info] > git rev-parse --show-toplevel [73ms]
2025-10-04 21:58:35.349 [info] > git config --get commit.template [82ms]
2025-10-04 21:58:35.525 [info] > git rev-parse --git-dir --git-common-dir --show-superproject-working-tree [129ms]
2025-10-04 21:58:35.554 [info] [Model][openRepository] Opened repository (path): /home/juanqg/esp32cam-rtsp
2025-10-04 21:58:35.554 [info] [Model][openRepository] Opened repository (real path): /home/juanqg/esp32cam-rtsp
2025-10-04 21:58:35.554 [info] [Model][openRepository] Opened repository (kind): repository
2025-10-04 21:58:35.600 [info] > git for-each-ref --format=%(refname)%00%(upstream:short)%00%(objectname)%00%(upstream:track)%00%(upstream:remotename)%00%(upstream:remoteref) refs/heads/develop refs/remotes/develop [82ms]
2025-10-04 21:58:35.623 [warning] [Git][revParse] Unable to read file: ENOENT: no such file or directory, open '/home/juanqg/esp32cam/esp32cam-ready/.git/refs/remotes/origin/develop'
2025-10-04 21:58:35.625 [info] > git rev-parse --show-toplevel [27ms]
2025-10-04 21:58:35.627 [info] > git config --get commit.template [43ms]
2025-10-04 21:58:35.704 [info] > git rev-parse refs/remotes/origin/develop [81ms]
2025-10-04 21:58:35.752 [info] > git status -z -uall [39ms]
2025-10-04 21:58:35.758 [info] > git for-each-ref --sort -committerdate --format %(refname)%00%(objectname)%00%(*objectname) [32ms]
2025-10-04 21:58:35.867 [info] > git rev-parse --show-toplevel [228ms]
2025-10-04 21:58:35.916 [info] > git for-each-ref --format=%(refname)%00%(upstream:short)%00%(objectname)%00%(upstream:track)%00%(upstream:remotename)%00%(upstream:remoteref) refs/heads/develop refs/remotes/develop [55ms]
2025-10-04 21:58:35.932 [info] > git for-each-ref --format=%(refname)%00%(upstream:short)%00%(objectname)%00%(upstream:track)%00%(upstream:remotename)%00%(upstream:remoteref) refs/heads/main refs/remotes/main [187ms]
2025-10-04 21:58:35.971 [warning] [Git][revParse] Unable to read file: ENOENT: no such file or directory, open '/home/juanqg/esp32cam-rtsp/.git/refs/remotes/origin/main'
2025-10-04 21:58:35.974 [info] > git config --get --local branch.develop.vscode-merge-base [44ms]
2025-10-04 21:58:35.984 [info] > git rev-parse --show-toplevel [69ms]
2025-10-04 21:58:35.984 [info] > git config --get commit.template [78ms]
2025-10-04 21:58:36.008 [info] > git for-each-ref --format=%(refname)%00%(upstream:short)%00%(objectname)%00%(upstream:track)%00%(upstream:remotename)%00%(upstream:remoteref) refs/heads/origin/develop refs/remotes/origin/develop [24ms]
2025-10-04 21:58:36.034 [info] > git rev-parse refs/remotes/origin/main [63ms]
2025-10-04 21:58:36.209 [info] > git merge-base refs/heads/develop refs/remotes/origin/develop [181ms]
2025-10-04 21:58:36.223 [info] > git rev-parse --show-toplevel [223ms]
2025-10-04 21:58:36.253 [info] > git for-each-ref --format=%(refname)%00%(upstream:short)%00%(objectname)%00%(upstream:track)%00%(upstream:remotename)%00%(upstream:remoteref) refs/heads/develop refs/remotes/develop [50ms]
2025-10-04 21:58:36.256 [info] > git for-each-ref --sort -committerdate --format %(refname)%00%(objectname)%00%(*objectname) [112ms]
2025-10-04 21:58:36.284 [warning] [Git][revParse] Unable to read file: ENOENT: no such file or directory, open '/home/juanqg/esp32cam/esp32cam-ready/.git/refs/remotes/origin/develop'
2025-10-04 21:58:36.289 [info] > git rev-parse --show-toplevel [38ms]
2025-10-04 21:58:36.289 [info] > git diff --name-status -z --diff-filter=ADMR 752674b5d846fd04b82e52a65ff4a749df2fa573...refs/remotes/origin/develop [66ms]
2025-10-04 21:58:36.307 [info] > git rev-parse refs/remotes/origin/develop [23ms]
2025-10-04 21:58:36.341 [info] > git status -z -uall [264ms]
2025-10-04 21:58:36.341 [info] > git status -z -uall [22ms]
2025-10-04 21:58:36.342 [info] > git rev-parse --show-toplevel [35ms]
2025-10-04 21:58:36.467 [info] > git check-ignore -v -z --stdin [66ms]
2025-10-04 21:58:36.469 [info] > git check-ignore -v -z --stdin [63ms]
2025-10-04 21:58:36.470 [info] > git for-each-ref --format=%(refname)%00%(upstream:short)%00%(objectname)%00%(upstream:track)%00%(upstream:remotename)%00%(upstream:remoteref) refs/heads/main refs/remotes/main [96ms]
2025-10-04 21:58:36.477 [info] > git for-each-ref --sort -committerdate --format %(refname)%00%(objectname)%00%(*objectname) [139ms]
2025-10-04 21:58:36.492 [info] > git config --get --local branch.main.vscode-merge-base [16ms]
2025-10-04 21:58:36.492 [warning] [Git][config] git config failed: Failed to execute git
2025-10-04 21:58:36.501 [info] > git config --get commit.template [47ms]
2025-10-04 21:58:36.501 [info] > git rev-parse --show-toplevel [77ms]
2025-10-04 21:58:36.551 [info] > git rev-parse --show-toplevel [13ms]
2025-10-04 21:58:36.552 [info] > git reflog main --grep-reflog=branch: Created from *. [51ms]
2025-10-04 21:58:36.575 [info] > git for-each-ref --format=%(refname)%00%(upstream:short)%00%(objectname)%00%(upstream:track)%00%(upstream:remotename)%00%(upstream:remoteref) refs/heads/main refs/remotes/main [25ms]
2025-10-04 21:58:36.593 [warning] [Git][revParse] Unable to read file: ENOENT: no such file or directory, open '/home/juanqg/esp32cam-rtsp/.git/refs/remotes/origin/main'
2025-10-04 21:58:36.600 [info] > git rev-parse --show-toplevel [26ms]
2025-10-04 21:58:36.601 [info] > git symbolic-ref --short refs/remotes/origin/HEAD [40ms]
2025-10-04 21:58:36.639 [info] > git for-each-ref --format=%(refname)%00%(upstream:short)%00%(objectname)%00%(upstream:track)%00%(upstream:remotename)%00%(upstream:remoteref) refs/heads/origin/main refs/remotes/origin/main [27ms]
2025-10-04 21:58:36.707 [info] > git rev-parse refs/remotes/origin/main [114ms]
2025-10-04 21:58:36.776 [info] > git config --add --local branch.main.vscode-merge-base origin/main [70ms]
2025-10-04 21:58:36.777 [info] > git for-each-ref --sort -committerdate --format %(refname)%00%(objectname)%00%(*objectname) [12ms] (cancelled)
2025-10-04 21:58:36.779 [info] > git rev-parse --show-toplevel [142ms]
2025-10-04 21:58:36.806 [info] > git status -z -uall [75ms] (cancelled)
2025-10-04 21:58:36.808 [info] > git rev-parse --show-toplevel [3ms]
2025-10-04 21:58:36.808 [info] > git config --get commit.template [17ms]
2025-10-04 21:58:36.856 [info] > git for-each-ref --format=%(refname)%00%(upstream:short)%00%(objectname)%00%(upstream:track)%00%(upstream:remotename)%00%(upstream:remoteref) refs/heads/main refs/remotes/main [13ms]
2025-10-04 21:58:36.857 [info] > git rev-parse --show-toplevel [31ms]
2025-10-04 21:58:36.879 [warning] [Git][revParse] Unable to read file: ENOENT: no such file or directory, open '/home/juanqg/esp32cam-rtsp/.git/refs/remotes/origin/main'
2025-10-04 21:58:42.473 [info] > git rev-parse --show-toplevel [5567ms]
2025-10-04 21:58:42.474 [info] > git rev-parse refs/remotes/origin/main [5595ms]
2025-10-04 21:58:42.617 [info] > git for-each-ref --sort -committerdate --format %(refname)%00%(objectname)%00%(*objectname) [107ms]
2025-10-04 21:58:47.407 [info] > git status -z -uall [4916ms]
2025-10-04 21:58:47.408 [info] > git rev-parse --show-toplevel [4800ms]
2025-10-04 21:58:49.059 [info] > git check-ignore -v -z --stdin [1484ms]
2025-10-04 21:58:49.076 [info] > git merge-base refs/heads/main refs/remotes/origin/main [1592ms]
2025-10-04 21:58:49.103 [info] > git merge-base refs/heads/main refs/remotes/origin/main [1672ms]
2025-10-04 21:58:49.314 [info] > git diff --name-status -z --diff-filter=ADMR 00635d03b73be82c0795266f299155fbf2386cef...refs/remotes/origin/main [166ms]
2025-10-04 21:58:49.319 [info] > git diff --name-status -z --diff-filter=ADMR 00635d03b73be82c0795266f299155fbf2386cef...refs/remotes/origin/main [216ms]
2025-10-04 21:58:49.320 [info] > git rev-parse --show-toplevel [272ms]
2025-10-04 21:58:49.409 [info] > git rev-parse --show-toplevel [48ms]
2025-10-04 21:58:49.630 [info] > git rev-parse --show-toplevel [129ms]
2025-10-04 21:58:49.635 [info] [Model][doInitialScan] Initial repository scan completed - repositories (2), closed repositories (0), parent repositories (0), unsafe repositories (0)
2025-10-04 21:58:49.904 [info] > git show --textconv :platformio.ini [248ms]
2025-10-04 21:58:49.904 [info] > git show --textconv :src/main.cpp [149ms]
2025-10-04 21:58:49.911 [info] > git ls-files --stage -- platformio.ini [166ms]
2025-10-04 21:58:50.249 [info] > git ls-files --stage -- src/main.cpp [353ms]
2025-10-04 21:58:50.277 [info] > git cat-file -s a1635ba08620818d2fbc91f55020d70b2c87d856 [345ms]
2025-10-04 21:58:50.282 [info] > git cat-file -s 2d205cd9899ad618d043e24de11803e7dadec4a6 [11ms]
2025-10-04 21:59:24.121 [info] > git show --textconv :platformio.ini [76ms]
2025-10-04 21:59:24.152 [info] > git ls-files --stage -- platformio.ini [32ms]
2025-10-04 21:59:24.229 [info] > git cat-file -s a1635ba08620818d2fbc91f55020d70b2c87d856 [30ms]
2025-10-04 21:59:28.705 [info] > git check-ignore -v -z --stdin [176ms]
2025-10-04 21:59:28.735 [info] > git config --get commit.template [53ms]
2025-10-04 21:59:28.798 [info] > git for-each-ref --format=%(refname)%00%(upstream:short)%00%(objectname)%00%(upstream:track)%00%(upstream:remotename)%00%(upstream:remoteref) refs/heads/main refs/remotes/main [23ms]
2025-10-04 21:59:28.826 [warning] [Git][revParse] Unable to read file: ENOENT: no such file or directory, open '/home/juanqg/esp32cam-rtsp/.git/refs/remotes/origin/main'
2025-10-04 21:59:28.841 [info] > git rev-parse refs/remotes/origin/main [15ms]
2025-10-04 21:59:28.948 [info] > git for-each-ref --sort -committerdate --format %(refname)%00%(objectname)%00%(*objectname) [40ms]
2025-10-04 21:59:29.099 [info] > git status -z -uall [248ms]
2025-10-04 21:59:40.564 [info] > git config --get commit.template [57ms]
2025-10-04 21:59:40.642 [info] > git for-each-ref --format=%(refname)%00%(upstream:short)%00%(objectname)%00%(upstream:track)%00%(upstream:remotename)%00%(upstream:remoteref) refs/heads/main refs/remotes/main [25ms]
2025-10-04 21:59:40.694 [warning] [Git][revParse] Unable to read file: ENOENT: no such file or directory, open '/home/juanqg/esp32cam-rtsp/.git/refs/remotes/origin/main'
2025-10-04 21:59:40.703 [info] > git rev-parse refs/remotes/origin/main [14ms]
2025-10-04 21:59:40.823 [info] > git for-each-ref --sort -committerdate --format %(refname)%00%(objectname)%00%(*objectname) [3ms]
2025-10-04 21:59:40.942 [info] > git status -z -uall [194ms]
2025-10-04 21:59:46.263 [info] > git config --get commit.template [8ms]
2025-10-04 21:59:46.360 [info] > git for-each-ref --format=%(refname)%00%(upstream:short)%00%(objectname)%00%(upstream:track)%00%(upstream:remotename)%00%(upstream:remoteref) refs/heads/main refs/remotes/main [22ms]
2025-10-04 21:59:46.394 [warning] [Git][revParse] Unable to read file: ENOENT: no such file or directory, open '/home/juanqg/esp32cam-rtsp/.git/refs/remotes/origin/main'
2025-10-04 21:59:46.405 [info] > git rev-parse refs/remotes/origin/main [11ms]
2025-10-04 21:59:46.546 [info] > git for-each-ref --sort -committerdate --format %(refname)%00%(objectname)%00%(*objectname) [34ms]
2025-10-04 21:59:46.846 [info] > git status -z -uall [390ms]
2025-10-04 21:59:48.302 [info] > git check-ignore -v -z --stdin [16ms]
2025-10-04 21:59:53.037 [info] > git config --get commit.template [46ms]
2025-10-04 21:59:53.109 [info] > git for-each-ref --format=%(refname)%00%(upstream:short)%00%(objectname)%00%(upstream:track)%00%(upstream:remotename)%00%(upstream:remoteref) refs/heads/main refs/remotes/main [21ms]
2025-10-04 21:59:53.162 [warning] [Git][revParse] Unable to read file: ENOENT: no such file or directory, open '/home/juanqg/esp32cam-rtsp/.git/refs/remotes/origin/main'
2025-10-04 21:59:53.169 [info] > git rev-parse refs/remotes/origin/main [8ms]
2025-10-04 21:59:53.244 [info] > git for-each-ref --sort -committerdate --format %(refname)%00%(objectname)%00%(*objectname) [18ms]
2025-10-04 21:59:53.365 [info] > git status -z -uall [174ms]
2025-10-04 22:00:07.362 [info] > git show --textconv :src/main.cpp [121ms]
2025-10-04 22:00:07.381 [info] > git ls-files --stage -- src/main.cpp [20ms]
2025-10-04 22:00:07.422 [info] > git cat-file -s 2d205cd9899ad618d043e24de11803e7dadec4a6 [15ms]
2025-10-04 22:00:22.489 [info] > git blame --root --incremental 00635d03b73be82c0795266f299155fbf2386cef -- src/main.cpp [187ms]
2025-10-04 22:00:58.604 [info] > git check-ignore -v -z --stdin [64ms]
2025-10-04 22:01:05.992 [info] > git check-ignore -v -z --stdin [205ms]
2025-10-04 22:01:15.434 [info] > git ls-files --stage -- test/README [27ms]
2025-10-04 22:01:15.468 [info] > git cat-file -s 9b1e87bc67c90e7f09a92a3e855444b085c655a6 [20ms]
2025-10-04 22:01:15.488 [info] > git show --textconv :test/README [136ms]
2025-10-04 22:01:47.650 [info] > git config --get commit.template [96ms]
2025-10-04 22:01:47.686 [info] > git for-each-ref --format=%(refname)%00%(upstream:short)%00%(objectname)%00%(upstream:track)%00%(upstream:remotename)%00%(upstream:remoteref) refs/heads/main refs/remotes/main [58ms]
2025-10-04 22:01:47.745 [warning] [Git][revParse] Unable to read file: ENOENT: no such file or directory, open '/home/juanqg/esp32cam-rtsp/.git/refs/remotes/origin/main'
2025-10-04 22:01:47.747 [info] > git rev-parse refs/remotes/origin/main [3ms]
2025-10-04 22:01:47.803 [info] > git for-each-ref --sort -committerdate --format %(refname)%00%(objectname)%00%(*objectname) [17ms]
2025-10-04 22:01:47.967 [info] > git status -z -uall [209ms]
2025-10-04 22:02:01.860 [info] > git config --get commit.template [367ms]
2025-10-04 22:02:04.188 [info] > git for-each-ref --format=%(refname)%00%(upstream:short)%00%(objectname)%00%(upstream:track)%00%(upstream:remotename)%00%(upstream:remoteref) refs/heads/main refs/remotes/main [44ms]
2025-10-04 22:02:04.245 [warning] [Git][revParse] Unable to read file: ENOENT: no such file or directory, open '/home/juanqg/esp32cam-rtsp/.git/refs/remotes/origin/main'
2025-10-04 22:02:04.253 [info] > git rev-parse refs/remotes/origin/main [8ms]
2025-10-04 22:02:04.453 [info] > git for-each-ref --sort -committerdate --format %(refname)%00%(objectname)%00%(*objectname) [36ms]
2025-10-04 22:02:04.708 [info] > git status -z -uall [353ms]
2025-10-04 22:03:23.087 [info] > git config --get commit.template [13030ms]
2025-10-04 22:03:39.350 [info] > git for-each-ref --format=%(refname)%00%(upstream:short)%00%(objectname)%00%(upstream:track)%00%(upstream:remotename)%00%(upstream:remoteref) refs/heads/main refs/remotes/main [6279ms]
2025-10-04 22:03:55.701 [warning] [Git][revParse] Unable to read file: ENOENT: no such file or directory, open '/home/juanqg/esp32cam-rtsp/.git/refs/remotes/origin/main'
2025-10-04 22:03:59.276 [info] > git rev-parse refs/remotes/origin/main [3575ms]
2025-10-04 22:04:01.221 [info] > git for-each-ref --sort -committerdate --format %(refname)%00%(objectname)%00%(*objectname) [62ms]
2025-10-04 22:04:01.792 [info] > git status -z -uall [655ms]
2025-10-04 22:04:06.912 [info] > git config --get commit.template [43ms]
2025-10-04 22:04:06.930 [info] > git for-each-ref --format=%(refname)%00%(upstream:short)%00%(objectname)%00%(upstream:track)%00%(upstream:remotename)%00%(upstream:remoteref) refs/heads/main refs/remotes/main [21ms]
2025-10-04 22:04:06.963 [warning] [Git][revParse] Unable to read file: ENOENT: no such file or directory, open '/home/juanqg/esp32cam-rtsp/.git/refs/remotes/origin/main'
2025-10-04 22:04:06.970 [info] > git rev-parse refs/remotes/origin/main [7ms]
2025-10-04 22:04:07.126 [info] > git for-each-ref --sort -committerdate --format %(refname)%00%(objectname)%00%(*objectname) [35ms]
2025-10-04 22:04:07.302 [info] > git status -z -uall [245ms]
2025-10-04 22:04:12.392 [info] > git config --get commit.template [25ms]
2025-10-04 22:04:12.394 [info] > git for-each-ref --format=%(refname)%00%(upstream:short)%00%(objectname)%00%(upstream:track)%00%(upstream:remotename)%00%(upstream:remoteref) refs/heads/main refs/remotes/main [3ms]
2025-10-04 22:04:12.416 [warning] [Git][revParse] Unable to read file: ENOENT: no such file or directory, open '/home/juanqg/esp32cam-rtsp/.git/refs/remotes/origin/main'
2025-10-04 22:04:12.421 [info] > git rev-parse refs/remotes/origin/main [5ms]
2025-10-04 22:04:12.489 [info] > git for-each-ref --sort -committerdate --format %(refname)%00%(objectname)%00%(*objectname) [19ms]
2025-10-04 22:04:12.644 [info] > git status -z -uall [205ms]
2025-10-04 22:04:17.747 [info] > git config --get commit.template [6ms]
2025-10-04 22:04:17.831 [info] > git for-each-ref --format=%(refname)%00%(upstream:short)%00%(objectname)%00%(upstream:track)%00%(upstream:remotename)%00%(upstream:remoteref) refs/heads/main refs/remotes/main [11ms]
2025-10-04 22:04:17.918 [warning] [Git][revParse] Unable to read file: ENOENT: no such file or directory, open '/home/juanqg/esp32cam-rtsp/.git/refs/remotes/origin/main'
2025-10-04 22:04:17.925 [info] > git rev-parse refs/remotes/origin/main [7ms]
2025-10-04 22:04:18.053 [info] > git for-each-ref --sort -committerdate --format %(refname)%00%(objectname)%00%(*objectname) [30ms]
2025-10-04 22:04:18.230 [info] > git status -z -uall [270ms]
2025-10-04 22:04:23.349 [info] > git config --get commit.template [46ms]
2025-10-04 22:04:23.358 [info] > git for-each-ref --format=%(refname)%00%(upstream:short)%00%(objectname)%00%(upstream:track)%00%(upstream:remotename)%00%(upstream:remoteref) refs/heads/main refs/remotes/main [11ms]
2025-10-04 22:04:23.416 [warning] [Git][revParse] Unable to read file: ENOENT: no such file or directory, open '/home/juanqg/esp32cam-rtsp/.git/refs/remotes/origin/main'
2025-10-04 22:04:23.428 [info] > git rev-parse refs/remotes/origin/main [13ms]
2025-10-04 22:04:23.578 [info] > git for-each-ref --sort -committerdate --format %(refname)%00%(objectname)%00%(*objectname) [64ms]
2025-10-04 22:04:23.891 [info] > git status -z -uall [430ms]
2025-10-04 22:04:28.983 [info] > git config --get commit.template [44ms]
2025-10-04 22:04:28.988 [info] > git for-each-ref --format=%(refname)%00%(upstream:short)%00%(objectname)%00%(upstream:track)%00%(upstream:remotename)%00%(upstream:remoteref) refs/heads/main refs/remotes/main [14ms]
2025-10-04 22:04:29.016 [warning] [Git][revParse] Unable to read file: ENOENT: no such file or directory, open '/home/juanqg/esp32cam-rtsp/.git/refs/remotes/origin/main'
2025-10-04 22:04:29.027 [info] > git rev-parse refs/remotes/origin/main [12ms]
2025-10-04 22:04:29.155 [info] > git for-each-ref --sort -committerdate --format %(refname)%00%(objectname)%00%(*objectname) [36ms]
2025-10-04 22:04:29.641 [info] > git status -z -uall [576ms]
2025-10-04 22:04:34.807 [info] > git config --get commit.template [44ms]
2025-10-04 22:04:34.809 [info] > git for-each-ref --format=%(refname)%00%(upstream:short)%00%(objectname)%00%(upstream:track)%00%(upstream:remotename)%00%(upstream:remoteref) refs/heads/main refs/remotes/main [10ms]
2025-10-04 22:04:34.850 [warning] [Git][revParse] Unable to read file: ENOENT: no such file or directory, open '/home/juanqg/esp32cam-rtsp/.git/refs/remotes/origin/main'
2025-10-04 22:04:34.857 [info] > git rev-parse refs/remotes/origin/main [7ms]
2025-10-04 22:04:34.989 [info] > git for-each-ref --sort -committerdate --format %(refname)%00%(objectname)%00%(*objectname) [25ms]
2025-10-04 22:04:35.096 [info] > git status -z -uall [204ms]
2025-10-04 22:04:51.913 [info] > git config --get commit.template [49ms]
2025-10-04 22:04:51.916 [info] > git for-each-ref --format=%(refname)%00%(upstream:short)%00%(objectname)%00%(upstream:track)%00%(upstream:remotename)%00%(upstream:remoteref) refs/heads/main refs/remotes/main [15ms]
2025-10-04 22:04:51.958 [warning] [Git][revParse] Unable to read file: ENOENT: no such file or directory, open '/home/juanqg/esp32cam-rtsp/.git/refs/remotes/origin/main'
2025-10-04 22:04:51.973 [info] > git rev-parse refs/remotes/origin/main [15ms]
2025-10-04 22:04:52.184 [info] > git for-each-ref --sort -committerdate --format %(refname)%00%(objectname)%00%(*objectname) [123ms]
2025-10-04 22:04:52.276 [info] > git status -z -uall [267ms]
2025-10-04 22:05:22.696 [info] > git config --get commit.template [57ms]
2025-10-04 22:05:22.701 [info] > git for-each-ref --format=%(refname)%00%(upstream:short)%00%(objectname)%00%(upstream:track)%00%(upstream:remotename)%00%(upstream:remoteref) refs/heads/main refs/remotes/main [26ms]
2025-10-04 22:05:22.723 [warning] [Git][revParse] Unable to read file: ENOENT: no such file or directory, open '/home/juanqg/esp32cam-rtsp/.git/refs/remotes/origin/main'
2025-10-04 22:05:22.743 [info] > git rev-parse refs/remotes/origin/main [20ms]
2025-10-04 22:05:23.011 [info] > git for-each-ref --sort -committerdate --format %(refname)%00%(objectname)%00%(*objectname) [61ms]
2025-10-04 22:05:23.243 [info] > git status -z -uall [410ms]
2025-10-04 22:05:28.308 [info] > git config --get commit.template [24ms]
2025-10-04 22:05:28.314 [info] > git for-each-ref --format=%(refname)%00%(upstream:short)%00%(objectname)%00%(upstream:track)%00%(upstream:remotename)%00%(upstream:remoteref) refs/heads/main refs/remotes/main [11ms]
2025-10-04 22:05:28.331 [warning] [Git][revParse] Unable to read file: ENOENT: no such file or directory, open '/home/juanqg/esp32cam-rtsp/.git/refs/remotes/origin/main'
2025-10-04 22:05:28.332 [info] > git rev-parse refs/remotes/origin/main [1ms]
2025-10-04 22:05:28.395 [info] > git for-each-ref --sort -committerdate --format %(refname)%00%(objectname)%00%(*objectname) [14ms]
2025-10-04 22:05:28.494 [info] > git status -z -uall [145ms]
2025-10-04 22:05:33.627 [info] > git config --get commit.template [52ms]
2025-10-04 22:05:33.637 [info] > git for-each-ref --format=%(refname)%00%(upstream:short)%00%(objectname)%00%(upstream:track)%00%(upstream:remotename)%00%(upstream:remoteref) refs/heads/main refs/remotes/main [11ms]
2025-10-04 22:05:33.699 [warning] [Git][revParse] Unable to read file: ENOENT: no such file or directory, open '/home/juanqg/esp32cam-rtsp/.git/refs/remotes/origin/main'
2025-10-04 22:05:33.709 [info] > git rev-parse refs/remotes/origin/main [11ms]
2025-10-04 22:05:33.859 [info] > git for-each-ref --sort -committerdate --format %(refname)%00%(objectname)%00%(*objectname) [15ms]
2025-10-04 22:05:34.172 [info] > git status -z -uall [394ms]
2025-10-04 22:05:39.335 [info] > git config --get commit.template [38ms]
2025-10-04 22:05:39.409 [info] > git for-each-ref --format=%(refname)%00%(upstream:short)%00%(objectname)%00%(upstream:track)%00%(upstream:remotename)%00%(upstream:remoteref) refs/heads/main refs/remotes/main [6ms]
2025-10-04 22:05:39.465 [warning] [Git][revParse] Unable to read file: ENOENT: no such file or directory, open '/home/juanqg/esp32cam-rtsp/.git/refs/remotes/origin/main'
2025-10-04 22:05:39.481 [info] > git rev-parse refs/remotes/origin/main [16ms]
2025-10-04 22:05:39.633 [info] > git for-each-ref --sort -committerdate --format %(refname)%00%(objectname)%00%(*objectname) [14ms]
2025-10-04 22:05:39.984 [info] > git status -z -uall [422ms]
2025-10-04 22:05:50.313 [info] > git config --get commit.template [182ms]
2025-10-04 22:05:50.316 [info] > git for-each-ref --format=%(refname)%00%(upstream:short)%00%(objectname)%00%(upstream:track)%00%(upstream:remotename)%00%(upstream:remoteref) refs/heads/main refs/remotes/main [64ms]
2025-10-04 22:05:50.338 [warning] [Git][revParse] Unable to read file: ENOENT: no such file or directory, open '/home/juanqg/esp32cam-rtsp/.git/refs/remotes/origin/main'
2025-10-04 22:05:50.346 [info] > git rev-parse refs/remotes/origin/main [8ms]
2025-10-04 22:05:50.444 [info] > git for-each-ref --sort -committerdate --format %(refname)%00%(objectname)%00%(*objectname) [11ms]
2025-10-04 22:05:50.692 [info] > git status -z -uall [318ms]
2025-10-04 22:05:55.816 [info] > git config --get commit.template [72ms]
2025-10-04 22:05:55.834 [info] > git for-each-ref --format=%(refname)%00%(upstream:short)%00%(objectname)%00%(upstream:track)%00%(upstream:remotename)%00%(upstream:remoteref) refs/heads/main refs/remotes/main [21ms]
2025-10-04 22:05:55.915 [warning] [Git][revParse] Unable to read file: ENOENT: no such file or directory, open '/home/juanqg/esp32cam-rtsp/.git/refs/remotes/origin/main'
2025-10-04 22:05:55.930 [info] > git rev-parse refs/remotes/origin/main [15ms]
2025-10-04 22:05:56.113 [info] > git for-each-ref --sort -committerdate --format %(refname)%00%(objectname)%00%(*objectname) [29ms]
2025-10-04 22:05:56.445 [info] > git status -z -uall [423ms]
2025-10-04 22:06:01.573 [info] > git config --get commit.template [62ms]
2025-10-04 22:06:01.577 [info] > git for-each-ref --format=%(refname)%00%(upstream:short)%00%(objectname)%00%(upstream:track)%00%(upstream:remotename)%00%(upstream:remoteref) refs/heads/main refs/remotes/main [22ms]
2025-10-04 22:06:01.625 [warning] [Git][revParse] Unable to read file: ENOENT: no such file or directory, open '/home/juanqg/esp32cam-rtsp/.git/refs/remotes/origin/main'
2025-10-04 22:06:01.639 [info] > git rev-parse refs/remotes/origin/main [14ms]
2025-10-04 22:06:01.742 [info] > git for-each-ref --sort -committerdate --format %(refname)%00%(objectname)%00%(*objectname) [13ms]
2025-10-04 22:06:02.366 [info] > git status -z -uall [684ms]
2025-10-04 22:06:07.685 [info] > git config --get commit.template [109ms]
2025-10-04 22:06:07.825 [info] > git for-each-ref --format=%(refname)%00%(upstream:short)%00%(objectname)%00%(upstream:track)%00%(upstream:remotename)%00%(upstream:remoteref) refs/heads/main refs/remotes/main [34ms]
2025-10-04 22:06:07.883 [warning] [Git][revParse] Unable to read file: ENOENT: no such file or directory, open '/home/juanqg/esp32cam-rtsp/.git/refs/remotes/origin/main'
2025-10-04 22:06:07.886 [info] > git rev-parse refs/remotes/origin/main [6ms]
2025-10-04 22:06:08.029 [info] > git for-each-ref --sort -committerdate --format %(refname)%00%(objectname)%00%(*objectname) [11ms]
2025-10-04 22:06:08.533 [info] > git status -z -uall [565ms]
2025-10-04 22:06:13.591 [info] > git config --get commit.template [19ms]
2025-10-04 22:06:13.594 [info] > git for-each-ref --format=%(refname)%00%(upstream:short)%00%(objectname)%00%(upstream:track)%00%(upstream:remotename)%00%(upstream:remoteref) refs/heads/main refs/remotes/main [4ms]
2025-10-04 22:06:13.608 [warning] [Git][revParse] Unable to read file: ENOENT: no such file or directory, open '/home/juanqg/esp32cam-rtsp/.git/refs/remotes/origin/main'
2025-10-04 22:06:13.611 [info] > git rev-parse refs/remotes/origin/main [3ms]
2025-10-04 22:06:13.655 [info] > git for-each-ref --sort -committerdate --format %(refname)%00%(objectname)%00%(*objectname) [10ms]
2025-10-04 22:06:13.737 [info] > git status -z -uall [116ms]
2025-10-04 22:06:24.763 [info] > git config --get commit.template [1ms]
2025-10-04 22:06:24.771 [info] > git for-each-ref --format=%(refname)%00%(upstream:short)%00%(objectname)%00%(upstream:track)%00%(upstream:remotename)%00%(upstream:remoteref) refs/heads/main refs/remotes/main [1ms]
2025-10-04 22:06:24.779 [warning] [Git][revParse] Unable to read file: ENOENT: no such file or directory, open '/home/juanqg/esp32cam-rtsp/.git/refs/remotes/origin/main'
2025-10-04 22:06:24.780 [info] > git rev-parse refs/remotes/origin/main [1ms]
2025-10-04 22:06:24.798 [info] > git for-each-ref --sort -committerdate --format %(refname)%00%(objectname)%00%(*objectname) [2ms]
2025-10-04 22:06:24.818 [info] > git status -z -uall [31ms]
