2025-09-23 12:46:47.879 [info] Started local extension host with pid 97240.
2025-09-23 12:46:48.941 [error] CodeExpectedError
    at lSt.j (vscode-file://vscode-app/opt/visual-studio-code/resources/app/out/vs/workbench/workbench.desktop.main.js:3677:60796)
    at async lSt.m (vscode-file://vscode-app/opt/visual-studio-code/resources/app/out/vs/workbench/workbench.desktop.main.js:3677:60875)
    at async lSt.readFileStream (vscode-file://vscode-app/opt/visual-studio-code/resources/app/out/vs/workbench/workbench.desktop.main.js:3677:65253)
    at async xSt.L (vscode-file://vscode-app/opt/visual-studio-code/resources/app/out/vs/workbench/workbench.desktop.main.js:3682:9979)
    at async xSt.readStream (vscode-file://vscode-app/opt/visual-studio-code/resources/app/out/vs/workbench/workbench.desktop.main.js:3682:9754)
    at async wwe.Eb (vscode-file://vscode-app/opt/visual-studio-code/resources/app/out/vs/workbench/workbench.desktop.main.js:1226:12360)
    at async wwe.resolve (vscode-file://vscode-app/opt/visual-studio-code/resources/app/out/vs/workbench/workbench.desktop.main.js:1226:10835)
    at async CSt.W (vscode-file://vscode-app/opt/visual-studio-code/resources/app/out/vs/workbench/workbench.desktop.main.js:3682:6625)
    at async _et.jb (vscode-file://vscode-app/opt/visual-studio-code/resources/app/out/vs/workbench/workbench.desktop.main.js:1501:18709)
    at async IDe.setInput (vscode-file://vscode-app/opt/visual-studio-code/resources/app/out/vs/workbench/workbench.desktop.main.js:2625:79952)
2025-09-23 12:46:51.767 [info] Settings Sync: Account status changed from uninitialized to unavailable
2025-09-23 12:46:52.172 [info] [perf] Render performance baseline is 35ms
2025-09-23 12:48:24.101 [info] ChatSessionStore: Migrating 0 chat sessions from storage service to file system
2025-09-23 12:48:24.375 [info] Started local extension host with pid 99486.
2025-09-23 12:48:26.197 [info] Settings Sync: Account status changed from uninitialized to unavailable
2025-09-23 12:48:27.126 [info] [perf] Render performance baseline is 44ms
2025-09-23 12:49:18.116 [error] [Extension Host] (node:99486) [DEP0047] DeprecationWarning: The `util.isDate` API is deprecated.  Please use `arg instanceof Date` instead.
(Use `exe --trace-deprecation ...` to show where the warning was created)
2025-09-23 12:49:20.887 [error] Watch not supported: Error: Watch not supported
	at t.FileSystemProviderSFTP.watch (/home/juanqg/.vscode/extensions/tailscale.vscode-tailscale-1.0.0/dist/extension.js:2:311772)
	at t.WithFSTiming.watch (/home/juanqg/.vscode/extensions/tailscale.vscode-tailscale-1.0.0/dist/extension.js:2:312428)
	at o5.$watch (file:///opt/visual-studio-code/resources/app/out/vs/workbench/api/node/extensionHostProcess.js:140:116808)
	at j4.S (file:///opt/visual-studio-code/resources/app/out/vs/workbench/api/node/extensionHostProcess.js:29:120180)
	at j4.Q (file:///opt/visual-studio-code/resources/app/out/vs/workbench/api/node/extensionHostProcess.js:29:119960)
	at j4.M (file:///opt/visual-studio-code/resources/app/out/vs/workbench/api/node/extensionHostProcess.js:29:119049)
	at j4.L (file:///opt/visual-studio-code/resources/app/out/vs/workbench/api/node/extensionHostProcess.js:29:118154)
	at od.value (file:///opt/visual-studio-code/resources/app/out/vs/workbench/api/node/extensionHostProcess.js:29:116951)
	at $.C (file:///opt/visual-studio-code/resources/app/out/vs/workbench/api/node/extensionHostProcess.js:27:2373)
	at $.fire (file:///opt/visual-studio-code/resources/app/out/vs/workbench/api/node/extensionHostProcess.js:27:2591)
	at vo.fire (file:///opt/visual-studio-code/resources/app/out/vs/workbench/api/node/extensionHostProcess.js:29:9458)
	at od.value (file:///opt/visual-studio-code/resources/app/out/vs/workbench/api/node/extensionHostProcess.js:391:8617)
	at $.C (file:///opt/visual-studio-code/resources/app/out/vs/workbench/api/node/extensionHostProcess.js:27:2373)
	at $.fire (file:///opt/visual-studio-code/resources/app/out/vs/workbench/api/node/extensionHostProcess.js:27:2591)
	at vo.fire (file:///opt/visual-studio-code/resources/app/out/vs/workbench/api/node/extensionHostProcess.js:29:9458)
	at MessagePortMain.<anonymous> (file:///opt/visual-studio-code/resources/app/out/vs/workbench/api/node/extensionHostProcess.js:391:6909)
	at MessagePortMain.emit (node:events:518:28)
	at MessagePortMain._internalPort.emit (node:electron/js2c/utility_init:2:2949)
2025-09-23 12:49:42.513 [error] Watch not supported: Error: Watch not supported
	at t.FileSystemProviderSFTP.watch (/home/juanqg/.vscode/extensions/tailscale.vscode-tailscale-1.0.0/dist/extension.js:2:311772)
	at t.WithFSTiming.watch (/home/juanqg/.vscode/extensions/tailscale.vscode-tailscale-1.0.0/dist/extension.js:2:312428)
	at o5.$watch (file:///opt/visual-studio-code/resources/app/out/vs/workbench/api/node/extensionHostProcess.js:140:116808)
	at j4.S (file:///opt/visual-studio-code/resources/app/out/vs/workbench/api/node/extensionHostProcess.js:29:120180)
	at j4.Q (file:///opt/visual-studio-code/resources/app/out/vs/workbench/api/node/extensionHostProcess.js:29:119960)
	at j4.M (file:///opt/visual-studio-code/resources/app/out/vs/workbench/api/node/extensionHostProcess.js:29:119049)
	at j4.L (file:///opt/visual-studio-code/resources/app/out/vs/workbench/api/node/extensionHostProcess.js:29:118154)
	at od.value (file:///opt/visual-studio-code/resources/app/out/vs/workbench/api/node/extensionHostProcess.js:29:116951)
	at $.C (file:///opt/visual-studio-code/resources/app/out/vs/workbench/api/node/extensionHostProcess.js:27:2373)
	at $.fire (file:///opt/visual-studio-code/resources/app/out/vs/workbench/api/node/extensionHostProcess.js:27:2591)
	at vo.fire (file:///opt/visual-studio-code/resources/app/out/vs/workbench/api/node/extensionHostProcess.js:29:9458)
	at od.value (file:///opt/visual-studio-code/resources/app/out/vs/workbench/api/node/extensionHostProcess.js:391:8617)
	at $.C (file:///opt/visual-studio-code/resources/app/out/vs/workbench/api/node/extensionHostProcess.js:27:2373)
	at $.fire (file:///opt/visual-studio-code/resources/app/out/vs/workbench/api/node/extensionHostProcess.js:27:2591)
	at vo.fire (file:///opt/visual-studio-code/resources/app/out/vs/workbench/api/node/extensionHostProcess.js:29:9458)
	at MessagePortMain.<anonymous> (file:///opt/visual-studio-code/resources/app/out/vs/workbench/api/node/extensionHostProcess.js:391:6909)
	at MessagePortMain.emit (node:events:518:28)
	at MessagePortMain._internalPort.emit (node:electron/js2c/utility_init:2:2949)
2025-09-23 12:49:48.356 [error] Watch not supported: Error: Watch not supported
	at t.FileSystemProviderSFTP.watch (/home/juanqg/.vscode/extensions/tailscale.vscode-tailscale-1.0.0/dist/extension.js:2:311772)
	at t.WithFSTiming.watch (/home/juanqg/.vscode/extensions/tailscale.vscode-tailscale-1.0.0/dist/extension.js:2:312428)
	at o5.$watch (file:///opt/visual-studio-code/resources/app/out/vs/workbench/api/node/extensionHostProcess.js:140:116808)
	at j4.S (file:///opt/visual-studio-code/resources/app/out/vs/workbench/api/node/extensionHostProcess.js:29:120180)
	at j4.Q (file:///opt/visual-studio-code/resources/app/out/vs/workbench/api/node/extensionHostProcess.js:29:119960)
	at j4.M (file:///opt/visual-studio-code/resources/app/out/vs/workbench/api/node/extensionHostProcess.js:29:119049)
	at j4.L (file:///opt/visual-studio-code/resources/app/out/vs/workbench/api/node/extensionHostProcess.js:29:118154)
	at od.value (file:///opt/visual-studio-code/resources/app/out/vs/workbench/api/node/extensionHostProcess.js:29:116951)
	at $.C (file:///opt/visual-studio-code/resources/app/out/vs/workbench/api/node/extensionHostProcess.js:27:2373)
	at $.fire (file:///opt/visual-studio-code/resources/app/out/vs/workbench/api/node/extensionHostProcess.js:27:2591)
	at vo.fire (file:///opt/visual-studio-code/resources/app/out/vs/workbench/api/node/extensionHostProcess.js:29:9458)
	at od.value (file:///opt/visual-studio-code/resources/app/out/vs/workbench/api/node/extensionHostProcess.js:391:8617)
	at $.C (file:///opt/visual-studio-code/resources/app/out/vs/workbench/api/node/extensionHostProcess.js:27:2373)
	at $.fire (file:///opt/visual-studio-code/resources/app/out/vs/workbench/api/node/extensionHostProcess.js:27:2591)
	at vo.fire (file:///opt/visual-studio-code/resources/app/out/vs/workbench/api/node/extensionHostProcess.js:29:9458)
	at MessagePortMain.<anonymous> (file:///opt/visual-studio-code/resources/app/out/vs/workbench/api/node/extensionHostProcess.js:391:6909)
	at MessagePortMain.emit (node:events:518:28)
	at MessagePortMain._internalPort.emit (node:electron/js2c/utility_init:2:2949)
2025-09-23 12:51:53.812 [error] Watch not supported: Error: Watch not supported
	at t.FileSystemProviderSFTP.watch (/home/juanqg/.vscode/extensions/tailscale.vscode-tailscale-1.0.0/dist/extension.js:2:311772)
	at t.WithFSTiming.watch (/home/juanqg/.vscode/extensions/tailscale.vscode-tailscale-1.0.0/dist/extension.js:2:312428)
	at o5.$watch (file:///opt/visual-studio-code/resources/app/out/vs/workbench/api/node/extensionHostProcess.js:140:116808)
	at j4.S (file:///opt/visual-studio-code/resources/app/out/vs/workbench/api/node/extensionHostProcess.js:29:120180)
	at j4.Q (file:///opt/visual-studio-code/resources/app/out/vs/workbench/api/node/extensionHostProcess.js:29:119960)
	at j4.M (file:///opt/visual-studio-code/resources/app/out/vs/workbench/api/node/extensionHostProcess.js:29:119049)
	at j4.L (file:///opt/visual-studio-code/resources/app/out/vs/workbench/api/node/extensionHostProcess.js:29:118154)
	at od.value (file:///opt/visual-studio-code/resources/app/out/vs/workbench/api/node/extensionHostProcess.js:29:116951)
	at $.C (file:///opt/visual-studio-code/resources/app/out/vs/workbench/api/node/extensionHostProcess.js:27:2373)
	at $.fire (file:///opt/visual-studio-code/resources/app/out/vs/workbench/api/node/extensionHostProcess.js:27:2591)
	at vo.fire (file:///opt/visual-studio-code/resources/app/out/vs/workbench/api/node/extensionHostProcess.js:29:9458)
	at od.value (file:///opt/visual-studio-code/resources/app/out/vs/workbench/api/node/extensionHostProcess.js:391:8617)
	at $.C (file:///opt/visual-studio-code/resources/app/out/vs/workbench/api/node/extensionHostProcess.js:27:2373)
	at $.fire (file:///opt/visual-studio-code/resources/app/out/vs/workbench/api/node/extensionHostProcess.js:27:2591)
	at vo.fire (file:///opt/visual-studio-code/resources/app/out/vs/workbench/api/node/extensionHostProcess.js:29:9458)
	at MessagePortMain.<anonymous> (file:///opt/visual-studio-code/resources/app/out/vs/workbench/api/node/extensionHostProcess.js:391:6909)
	at MessagePortMain.emit (node:events:518:28)
	at MessagePortMain._internalPort.emit (node:electron/js2c/utility_init:2:2949)
2025-09-23 12:53:19.822 [error] Watch not supported: Error: Watch not supported
	at t.FileSystemProviderSFTP.watch (/home/juanqg/.vscode/extensions/tailscale.vscode-tailscale-1.0.0/dist/extension.js:2:311772)
	at t.WithFSTiming.watch (/home/juanqg/.vscode/extensions/tailscale.vscode-tailscale-1.0.0/dist/extension.js:2:312428)
	at o5.$watch (file:///opt/visual-studio-code/resources/app/out/vs/workbench/api/node/extensionHostProcess.js:140:116808)
	at j4.S (file:///opt/visual-studio-code/resources/app/out/vs/workbench/api/node/extensionHostProcess.js:29:120180)
	at j4.Q (file:///opt/visual-studio-code/resources/app/out/vs/workbench/api/node/extensionHostProcess.js:29:119960)
	at j4.M (file:///opt/visual-studio-code/resources/app/out/vs/workbench/api/node/extensionHostProcess.js:29:119049)
	at j4.L (file:///opt/visual-studio-code/resources/app/out/vs/workbench/api/node/extensionHostProcess.js:29:118154)
	at od.value (file:///opt/visual-studio-code/resources/app/out/vs/workbench/api/node/extensionHostProcess.js:29:116951)
	at $.C (file:///opt/visual-studio-code/resources/app/out/vs/workbench/api/node/extensionHostProcess.js:27:2373)
	at $.fire (file:///opt/visual-studio-code/resources/app/out/vs/workbench/api/node/extensionHostProcess.js:27:2591)
	at vo.fire (file:///opt/visual-studio-code/resources/app/out/vs/workbench/api/node/extensionHostProcess.js:29:9458)
	at od.value (file:///opt/visual-studio-code/resources/app/out/vs/workbench/api/node/extensionHostProcess.js:391:8617)
	at $.C (file:///opt/visual-studio-code/resources/app/out/vs/workbench/api/node/extensionHostProcess.js:27:2373)
	at $.fire (file:///opt/visual-studio-code/resources/app/out/vs/workbench/api/node/extensionHostProcess.js:27:2591)
	at vo.fire (file:///opt/visual-studio-code/resources/app/out/vs/workbench/api/node/extensionHostProcess.js:29:9458)
	at MessagePortMain.<anonymous> (file:///opt/visual-studio-code/resources/app/out/vs/workbench/api/node/extensionHostProcess.js:391:6909)
	at MessagePortMain.emit (node:events:518:28)
	at MessagePortMain._internalPort.emit (node:electron/js2c/utility_init:2:2949)
2025-09-23 12:53:49.286 [error] Watch not supported: Error: Watch not supported
	at t.FileSystemProviderSFTP.watch (/home/juanqg/.vscode/extensions/tailscale.vscode-tailscale-1.0.0/dist/extension.js:2:311772)
	at t.WithFSTiming.watch (/home/juanqg/.vscode/extensions/tailscale.vscode-tailscale-1.0.0/dist/extension.js:2:312428)
	at o5.$watch (file:///opt/visual-studio-code/resources/app/out/vs/workbench/api/node/extensionHostProcess.js:140:116808)
	at j4.S (file:///opt/visual-studio-code/resources/app/out/vs/workbench/api/node/extensionHostProcess.js:29:120180)
	at j4.Q (file:///opt/visual-studio-code/resources/app/out/vs/workbench/api/node/extensionHostProcess.js:29:119960)
	at j4.M (file:///opt/visual-studio-code/resources/app/out/vs/workbench/api/node/extensionHostProcess.js:29:119049)
	at j4.L (file:///opt/visual-studio-code/resources/app/out/vs/workbench/api/node/extensionHostProcess.js:29:118154)
	at od.value (file:///opt/visual-studio-code/resources/app/out/vs/workbench/api/node/extensionHostProcess.js:29:116951)
	at $.C (file:///opt/visual-studio-code/resources/app/out/vs/workbench/api/node/extensionHostProcess.js:27:2373)
	at $.fire (file:///opt/visual-studio-code/resources/app/out/vs/workbench/api/node/extensionHostProcess.js:27:2591)
	at vo.fire (file:///opt/visual-studio-code/resources/app/out/vs/workbench/api/node/extensionHostProcess.js:29:9458)
	at od.value (file:///opt/visual-studio-code/resources/app/out/vs/workbench/api/node/extensionHostProcess.js:391:8617)
	at $.C (file:///opt/visual-studio-code/resources/app/out/vs/workbench/api/node/extensionHostProcess.js:27:2373)
	at $.fire (file:///opt/visual-studio-code/resources/app/out/vs/workbench/api/node/extensionHostProcess.js:27:2591)
	at vo.fire (file:///opt/visual-studio-code/resources/app/out/vs/workbench/api/node/extensionHostProcess.js:29:9458)
	at MessagePortMain.<anonymous> (file:///opt/visual-studio-code/resources/app/out/vs/workbench/api/node/extensionHostProcess.js:391:6909)
	at MessagePortMain.emit (node:events:518:28)
	at MessagePortMain._internalPort.emit (node:electron/js2c/utility_init:2:2949)
2025-09-23 12:53:56.611 [error] Watch not supported: Error: Watch not supported
	at t.FileSystemProviderSFTP.watch (/home/juanqg/.vscode/extensions/tailscale.vscode-tailscale-1.0.0/dist/extension.js:2:311772)
	at t.WithFSTiming.watch (/home/juanqg/.vscode/extensions/tailscale.vscode-tailscale-1.0.0/dist/extension.js:2:312428)
	at o5.$watch (file:///opt/visual-studio-code/resources/app/out/vs/workbench/api/node/extensionHostProcess.js:140:116808)
	at j4.S (file:///opt/visual-studio-code/resources/app/out/vs/workbench/api/node/extensionHostProcess.js:29:120180)
	at j4.Q (file:///opt/visual-studio-code/resources/app/out/vs/workbench/api/node/extensionHostProcess.js:29:119960)
	at j4.M (file:///opt/visual-studio-code/resources/app/out/vs/workbench/api/node/extensionHostProcess.js:29:119049)
	at j4.L (file:///opt/visual-studio-code/resources/app/out/vs/workbench/api/node/extensionHostProcess.js:29:118154)
	at od.value (file:///opt/visual-studio-code/resources/app/out/vs/workbench/api/node/extensionHostProcess.js:29:116951)
	at $.C (file:///opt/visual-studio-code/resources/app/out/vs/workbench/api/node/extensionHostProcess.js:27:2373)
	at $.fire (file:///opt/visual-studio-code/resources/app/out/vs/workbench/api/node/extensionHostProcess.js:27:2591)
	at vo.fire (file:///opt/visual-studio-code/resources/app/out/vs/workbench/api/node/extensionHostProcess.js:29:9458)
	at od.value (file:///opt/visual-studio-code/resources/app/out/vs/workbench/api/node/extensionHostProcess.js:391:8617)
	at $.C (file:///opt/visual-studio-code/resources/app/out/vs/workbench/api/node/extensionHostProcess.js:27:2373)
	at $.fire (file:///opt/visual-studio-code/resources/app/out/vs/workbench/api/node/extensionHostProcess.js:27:2591)
	at vo.fire (file:///opt/visual-studio-code/resources/app/out/vs/workbench/api/node/extensionHostProcess.js:29:9458)
	at MessagePortMain.<anonymous> (file:///opt/visual-studio-code/resources/app/out/vs/workbench/api/node/extensionHostProcess.js:391:6909)
	at MessagePortMain.emit (node:events:518:28)
	at MessagePortMain._internalPort.emit (node:electron/js2c/utility_init:2:2949)
2025-09-23 13:56:03.579 [error] Watch not supported: Error: Watch not supported
	at t.FileSystemProviderSFTP.watch (/home/juanqg/.vscode/extensions/tailscale.vscode-tailscale-1.0.0/dist/extension.js:2:311772)
	at t.WithFSTiming.watch (/home/juanqg/.vscode/extensions/tailscale.vscode-tailscale-1.0.0/dist/extension.js:2:312428)
	at o5.$watch (file:///opt/visual-studio-code/resources/app/out/vs/workbench/api/node/extensionHostProcess.js:140:116808)
	at j4.S (file:///opt/visual-studio-code/resources/app/out/vs/workbench/api/node/extensionHostProcess.js:29:120180)
	at j4.Q (file:///opt/visual-studio-code/resources/app/out/vs/workbench/api/node/extensionHostProcess.js:29:119960)
	at j4.M (file:///opt/visual-studio-code/resources/app/out/vs/workbench/api/node/extensionHostProcess.js:29:119049)
	at j4.L (file:///opt/visual-studio-code/resources/app/out/vs/workbench/api/node/extensionHostProcess.js:29:118154)
	at od.value (file:///opt/visual-studio-code/resources/app/out/vs/workbench/api/node/extensionHostProcess.js:29:116951)
	at $.C (file:///opt/visual-studio-code/resources/app/out/vs/workbench/api/node/extensionHostProcess.js:27:2373)
	at $.fire (file:///opt/visual-studio-code/resources/app/out/vs/workbench/api/node/extensionHostProcess.js:27:2591)
	at vo.fire (file:///opt/visual-studio-code/resources/app/out/vs/workbench/api/node/extensionHostProcess.js:29:9458)
	at od.value (file:///opt/visual-studio-code/resources/app/out/vs/workbench/api/node/extensionHostProcess.js:391:8617)
	at $.C (file:///opt/visual-studio-code/resources/app/out/vs/workbench/api/node/extensionHostProcess.js:27:2373)
	at $.fire (file:///opt/visual-studio-code/resources/app/out/vs/workbench/api/node/extensionHostProcess.js:27:2591)
	at vo.fire (file:///opt/visual-studio-code/resources/app/out/vs/workbench/api/node/extensionHostProcess.js:29:9458)
	at MessagePortMain.<anonymous> (file:///opt/visual-studio-code/resources/app/out/vs/workbench/api/node/extensionHostProcess.js:391:6909)
	at MessagePortMain.emit (node:events:518:28)
	at MessagePortMain._internalPort.emit (node:electron/js2c/utility_init:2:2949)
2025-09-23 13:56:05.272 [error] Watch not supported: Error: Watch not supported
	at t.FileSystemProviderSFTP.watch (/home/juanqg/.vscode/extensions/tailscale.vscode-tailscale-1.0.0/dist/extension.js:2:311772)
	at t.WithFSTiming.watch (/home/juanqg/.vscode/extensions/tailscale.vscode-tailscale-1.0.0/dist/extension.js:2:312428)
	at o5.$watch (file:///opt/visual-studio-code/resources/app/out/vs/workbench/api/node/extensionHostProcess.js:140:116808)
	at j4.S (file:///opt/visual-studio-code/resources/app/out/vs/workbench/api/node/extensionHostProcess.js:29:120180)
	at j4.Q (file:///opt/visual-studio-code/resources/app/out/vs/workbench/api/node/extensionHostProcess.js:29:119960)
	at j4.M (file:///opt/visual-studio-code/resources/app/out/vs/workbench/api/node/extensionHostProcess.js:29:119049)
	at j4.L (file:///opt/visual-studio-code/resources/app/out/vs/workbench/api/node/extensionHostProcess.js:29:118154)
	at od.value (file:///opt/visual-studio-code/resources/app/out/vs/workbench/api/node/extensionHostProcess.js:29:116951)
	at $.C (file:///opt/visual-studio-code/resources/app/out/vs/workbench/api/node/extensionHostProcess.js:27:2373)
	at $.fire (file:///opt/visual-studio-code/resources/app/out/vs/workbench/api/node/extensionHostProcess.js:27:2591)
	at vo.fire (file:///opt/visual-studio-code/resources/app/out/vs/workbench/api/node/extensionHostProcess.js:29:9458)
	at od.value (file:///opt/visual-studio-code/resources/app/out/vs/workbench/api/node/extensionHostProcess.js:391:8617)
	at $.C (file:///opt/visual-studio-code/resources/app/out/vs/workbench/api/node/extensionHostProcess.js:27:2373)
	at $.fire (file:///opt/visual-studio-code/resources/app/out/vs/workbench/api/node/extensionHostProcess.js:27:2591)
	at vo.fire (file:///opt/visual-studio-code/resources/app/out/vs/workbench/api/node/extensionHostProcess.js:29:9458)
	at MessagePortMain.<anonymous> (file:///opt/visual-studio-code/resources/app/out/vs/workbench/api/node/extensionHostProcess.js:391:6909)
	at MessagePortMain.emit (node:events:518:28)
	at MessagePortMain._internalPort.emit (node:electron/js2c/utility_init:2:2949)
2025-09-23 13:57:47.621 [error] Watch not supported: Error: Watch not supported
	at t.FileSystemProviderSFTP.watch (/home/juanqg/.vscode/extensions/tailscale.vscode-tailscale-1.0.0/dist/extension.js:2:311772)
	at t.WithFSTiming.watch (/home/juanqg/.vscode/extensions/tailscale.vscode-tailscale-1.0.0/dist/extension.js:2:312428)
	at o5.$watch (file:///opt/visual-studio-code/resources/app/out/vs/workbench/api/node/extensionHostProcess.js:140:116808)
	at j4.S (file:///opt/visual-studio-code/resources/app/out/vs/workbench/api/node/extensionHostProcess.js:29:120180)
	at j4.Q (file:///opt/visual-studio-code/resources/app/out/vs/workbench/api/node/extensionHostProcess.js:29:119960)
	at j4.M (file:///opt/visual-studio-code/resources/app/out/vs/workbench/api/node/extensionHostProcess.js:29:119049)
	at j4.L (file:///opt/visual-studio-code/resources/app/out/vs/workbench/api/node/extensionHostProcess.js:29:118154)
	at od.value (file:///opt/visual-studio-code/resources/app/out/vs/workbench/api/node/extensionHostProcess.js:29:116951)
	at $.C (file:///opt/visual-studio-code/resources/app/out/vs/workbench/api/node/extensionHostProcess.js:27:2373)
	at $.fire (file:///opt/visual-studio-code/resources/app/out/vs/workbench/api/node/extensionHostProcess.js:27:2591)
	at vo.fire (file:///opt/visual-studio-code/resources/app/out/vs/workbench/api/node/extensionHostProcess.js:29:9458)
	at od.value (file:///opt/visual-studio-code/resources/app/out/vs/workbench/api/node/extensionHostProcess.js:391:8617)
	at $.C (file:///opt/visual-studio-code/resources/app/out/vs/workbench/api/node/extensionHostProcess.js:27:2373)
	at $.fire (file:///opt/visual-studio-code/resources/app/out/vs/workbench/api/node/extensionHostProcess.js:27:2591)
	at vo.fire (file:///opt/visual-studio-code/resources/app/out/vs/workbench/api/node/extensionHostProcess.js:29:9458)
	at MessagePortMain.<anonymous> (file:///opt/visual-studio-code/resources/app/out/vs/workbench/api/node/extensionHostProcess.js:391:6909)
	at MessagePortMain.emit (node:events:518:28)
	at MessagePortMain._internalPort.emit (node:electron/js2c/utility_init:2:2949)
2025-09-24 16:37:32.902 [error] Unable to read file 'ts://juanqg@gmail.com/docker.kiko-uaru.ts.net/home/juanqg/jellyfin/compose.yaml' (Error: No response from server): Error: Unable to read file 'ts://juanqg@gmail.com/docker.kiko-uaru.ts.net/home/juanqg/jellyfin/compose.yaml' (Error: No response from server)
    at lSt.G (vscode-file://vscode-app/opt/visual-studio-code/resources/app/out/vs/workbench/workbench.desktop.main.js:3677:65941)
    at lSt.F (vscode-file://vscode-app/opt/visual-studio-code/resources/app/out/vs/workbench/workbench.desktop.main.js:3677:65766)
    at async xSt.L (vscode-file://vscode-app/opt/visual-studio-code/resources/app/out/vs/workbench/workbench.desktop.main.js:3682:9979)
    at async xSt.readStream (vscode-file://vscode-app/opt/visual-studio-code/resources/app/out/vs/workbench/workbench.desktop.main.js:3682:9754)
    at async wwe.Eb (vscode-file://vscode-app/opt/visual-studio-code/resources/app/out/vs/workbench/workbench.desktop.main.js:1226:12360)
    at async wwe.resolve (vscode-file://vscode-app/opt/visual-studio-code/resources/app/out/vs/workbench/workbench.desktop.main.js:1226:10835)
    at async vscode-file://vscode-app/opt/visual-studio-code/resources/app/out/vs/workbench/workbench.desktop.main.js:3682:6336
2025-09-24 23:40:29.299 [error] Unable to read file 'ts://juanqg@gmail.com/docker.kiko-uaru.ts.net/home/juanqg/jellyfin/compose.yaml' (Canceled: Canceled): Error: Unable to read file 'ts://juanqg@gmail.com/docker.kiko-uaru.ts.net/home/juanqg/jellyfin/compose.yaml' (Canceled: Canceled)
    at lSt.G (vscode-file://vscode-app/opt/visual-studio-code/resources/app/out/vs/workbench/workbench.desktop.main.js:3677:65941)
    at lSt.F (vscode-file://vscode-app/opt/visual-studio-code/resources/app/out/vs/workbench/workbench.desktop.main.js:3677:65766)
    at async xSt.L (vscode-file://vscode-app/opt/visual-studio-code/resources/app/out/vs/workbench/workbench.desktop.main.js:3682:9979)
    at async xSt.readStream (vscode-file://vscode-app/opt/visual-studio-code/resources/app/out/vs/workbench/workbench.desktop.main.js:3682:9754)
    at async wwe.Eb (vscode-file://vscode-app/opt/visual-studio-code/resources/app/out/vs/workbench/workbench.desktop.main.js:1226:12360)
    at async wwe.resolve (vscode-file://vscode-app/opt/visual-studio-code/resources/app/out/vs/workbench/workbench.desktop.main.js:1226:10835)
    at async vscode-file://vscode-app/opt/visual-studio-code/resources/app/out/vs/workbench/workbench.desktop.main.js:3682:6336
