INFO 9/8/2025, 12:37:44 AM  launch with argv [/usr/share/typora/Typora, --enable-wayland-ime]
INFO 9/8/2025, 12:37:44 AM  ------------------start------------------
DEBUG 9/8/2025, 12:37:44 AM  prepDatabase /home/juanqg/.config/Typora/profile.data
DEBUG 9/8/2025, 12:37:44 AM  prepDatabase /home/juanqg/.config/Typora/history.data
INFO 9/8/2025, 12:37:44 AM  OS is linux 6.16.5-arch1-1
INFO 9/8/2025, 12:37:44 AM  launchFromDiffVersion, pre version is undefined
INFO 9/8/2025, 12:37:44 AM  start LM in devVersion=false
INFO 9/8/2025, 12:37:44 AM  [watch L]
DEBUG 9/8/2025, 12:37:44 AM  prepDatabase /home/juanqg/.config/Typora/ePwe68vrHE
INFO 9/8/2025, 12:37:44 AM  ls put SLicense
DEBUG 9/8/2025, 12:37:44 AM  onUnfillLicense
DEBUG 9/8/2025, 12:37:44 AM  trailRemains is 15
INFO 9/8/2025, 12:37:44 AM  [L] installDate is 9/8/2025, trail remains: 15 days
INFO 9/8/2025, 12:37:44 AM  [watch L] hasL: false
INFO 9/8/2025, 12:37:44 AM  overwriteThemeFolder
INFO 9/8/2025, 12:37:44 AM  typora version: 1.10.8
DEBUG 9/8/2025, 12:37:44 AM  app.openFile
DEBUG 9/8/2025, 12:37:44 AM  added recovery 1 null  (0)
DEBUG 9/8/2025, 12:37:44 AM  putAccelerator File -> &File
DEBUG 9/8/2025, 12:37:44 AM  putAccelerator Edit -> &Edit
DEBUG 9/8/2025, 12:37:44 AM  putAccelerator Paragraph -> &Paragraph
DEBUG 9/8/2025, 12:37:44 AM  putAccelerator Format -> F&ormat
DEBUG 9/8/2025, 12:37:44 AM  putAccelerator View -> &View
DEBUG 9/8/2025, 12:37:44 AM  putAccelerator Themes -> &Themes
DEBUG 9/8/2025, 12:37:44 AM  putAccelerator Help -> &Help
INFO 9/8/2025, 12:37:44 AM  synced recovery
user-dict.json not found
INFO 9/8/2025, 12:37:44 AM  [focus] 1
DEBUG 9/8/2025, 12:37:45 AM  onUnfillLicense
ERROR 9/8/2025, 12:37:45 AM  Error: net::ERR_FILE_NOT_FOUND
    at SimpleURLLoaderWrapper.<anonymous> (node:electron/js2c/browser_init:2:117533)
    at SimpleURLLoaderWrapper.emit (node:events:518:28)
INFO 9/8/2025, 12:37:45 AM  handle document.loadData
DEBUG 9/8/2025, 12:37:45 AM  document.loadData 0
ERROR 9/8/2025, 12:37:45 AM  Error: net::ERR_FILE_NOT_FOUND
    at SimpleURLLoaderWrapper.<anonymous> (node:electron/js2c/browser_init:2:117533)
    at SimpleURLLoaderWrapper.emit (node:events:518:28)
INFO 9/8/2025, 12:37:45 AM  [RenderProcess 1][Log] [UndoManager] reset commandStack
INFO 9/8/2025, 12:37:45 AM  [RenderProcess 1][Log] reset NodeMap
DEBUG 9/8/2025, 12:37:45 AM  added recovery 1   (0)
INFO 9/8/2025, 12:37:45 AM  synced recovery
INFO 9/8/2025, 12:37:45 AM  [RenderProcess 1][Log] onBecomeActive
INFO 9/8/2025, 12:37:45 AM  [RenderProcess 1][Log] File.activeWindow = true
DEBUG 9/8/2025, 12:37:47 AM  added recovery 1  "homelan/
├── do...bute to clients" (230)
INFO 9/8/2025, 12:37:47 AM  synced recovery
ERROR 9/8/2025, 12:37:58 AM  Error: net::ERR_FILE_NOT_FOUND
    at SimpleURLLoaderWrapper.<anonymous> (node:electron/js2c/browser_init:2:117533)
    at SimpleURLLoaderWrapper.emit (node:events:518:28)
ERROR 9/8/2025, 12:37:58 AM  Error: net::ERR_FILE_NOT_FOUND
    at SimpleURLLoaderWrapper.<anonymous> (node:electron/js2c/browser_init:2:117533)
    at SimpleURLLoaderWrapper.emit (node:events:518:28)
ERROR 9/8/2025, 12:38:01 AM  Error: net::ERR_FILE_NOT_FOUND
    at SimpleURLLoaderWrapper.<anonymous> (node:electron/js2c/browser_init:2:117533)
    at SimpleURLLoaderWrapper.emit (node:events:518:28)
ERROR 9/8/2025, 12:38:01 AM  Error: net::ERR_FILE_NOT_FOUND
    at SimpleURLLoaderWrapper.<anonymous> (node:electron/js2c/browser_init:2:117533)
    at SimpleURLLoaderWrapper.emit (node:events:518:28)
INFO 9/8/2025, 12:38:09 AM  [blur] 1
INFO 9/8/2025, 12:38:09 AM  [win] blur
INFO 9/8/2025, 12:38:09 AM  [focus] 1
INFO 9/8/2025, 12:38:10 AM  [blur] 1
INFO 9/8/2025, 12:38:10 AM  [win] blur
INFO 9/8/2025, 12:38:48 AM  addRecentDocument
INFO 9/8/2025, 12:38:48 AM  [focus] 1
DEBUG 9/8/2025, 12:38:56 AM  added recovery 1 /home/juanqg/Documents/homelab/homelan.md "homelab/
├── do...bute to clients" (230)
INFO 9/8/2025, 12:38:56 AM  synced recovery
DEBUG 9/8/2025, 12:38:57 AM  added recovery 1 /home/juanqg/Documents/homelab/homelan.md "homelab/
├── do...bute to clients" (230)
INFO 9/8/2025, 12:38:57 AM  synced recovery
INFO 9/8/2025, 12:39:09 AM  [blur] 1
INFO 9/8/2025, 12:39:09 AM  [win] blur
INFO 9/8/2025, 12:40:51 AM  [focus] 1
INFO 9/8/2025, 12:40:53 AM  [blur] 1
INFO 9/8/2025, 12:40:53 AM  [win] blur
INFO 9/8/2025, 12:54:17 AM  [focus] 1
INFO 9/8/2025, 12:54:41 AM  [blur] 1
INFO 9/8/2025, 12:54:41 AM  [win] blur
INFO 9/8/2025, 8:24:19 AM  [focus] 1
INFO 9/8/2025, 8:24:20 AM  [blur] 1
INFO 9/8/2025, 8:24:20 AM  [win] blur
INFO 9/8/2025, 9:37:11 AM  [focus] 1
INFO 9/8/2025, 9:37:12 AM  [blur] 1
INFO 9/8/2025, 9:37:12 AM  [win] blur
INFO 9/8/2025, 9:45:12 AM  [focus] 1
INFO 9/8/2025, 9:45:18 AM  [blur] 1
INFO 9/8/2025, 9:45:18 AM  [win] blur
INFO 9/8/2025, 10:44:44 AM  [focus] 1
INFO 9/8/2025, 10:44:46 AM  [blur] 1
INFO 9/8/2025, 10:44:46 AM  [win] blur
INFO 9/8/2025, 10:44:47 AM  [focus] 1
INFO 9/8/2025, 10:44:47 AM  [blur] 1
INFO 9/8/2025, 10:44:47 AM  [win] blur
INFO 9/8/2025, 10:44:48 AM  [focus] 1
INFO 9/8/2025, 10:44:48 AM  [blur] 1
INFO 9/8/2025, 10:44:48 AM  [win] blur
INFO 9/8/2025, 12:47:56 PM  [focus] 1
INFO 9/8/2025, 12:47:56 PM  [blur] 1
INFO 9/8/2025, 12:47:56 PM  [win] blur
INFO 9/8/2025, 12:48:01 PM  [focus] 1
INFO 9/8/2025, 12:48:17 PM  [blur] 1
INFO 9/8/2025, 12:48:17 PM  [win] blur
INFO 9/8/2025, 1:06:20 PM  [focus] 1
INFO 9/8/2025, 1:06:41 PM  [blur] 1
INFO 9/8/2025, 1:06:41 PM  [win] blur
INFO 9/8/2025, 1:47:02 PM  [focus] 1
INFO 9/8/2025, 1:47:03 PM  [blur] 1
INFO 9/8/2025, 1:47:03 PM  [win] blur
INFO 9/8/2025, 3:23:14 PM  [focus] 1
INFO 9/8/2025, 3:23:16 PM  [blur] 1
INFO 9/8/2025, 3:23:16 PM  [win] blur
INFO 9/8/2025, 6:09:47 PM  [focus] 1
INFO 9/8/2025, 6:09:51 PM  [blur] 1
INFO 9/8/2025, 6:09:51 PM  [win] blur
INFO 9/8/2025, 6:10:39 PM  [focus] 1
INFO 9/8/2025, 6:10:40 PM  [blur] 1
INFO 9/8/2025, 6:10:40 PM  [win] blur
INFO 9/8/2025, 6:55:58 PM  [focus] 1
INFO 9/8/2025, 6:56:00 PM  synced recovery
INFO 9/8/2025, 6:56:00 PM  ----------------before-quit-----------------
INFO 9/8/2025, 6:56:00 PM  ------------------will-quit------------------
INFO 9/8/2025, 6:56:00 PM  -----------------quit------------------
INFO 9/8/2025, 6:56:00 PM  closeLogging
INFO 9/12/2025, 5:05:43 PM  launch with argv [/usr/share/typora/Typora, --enable-wayland-ime]
INFO 9/12/2025, 5:05:43 PM  ------------------start------------------
DEBUG 9/12/2025, 5:05:43 PM  prepDatabase /home/juanqg/.config/Typora/profile.data
DEBUG 9/12/2025, 5:05:43 PM  prepDatabase /home/juanqg/.config/Typora/history.data
INFO 9/12/2025, 5:05:43 PM  OS is linux 6.16.5-arch1-1
INFO 9/12/2025, 5:05:43 PM  start LM in devVersion=false
INFO 9/12/2025, 5:05:43 PM  [watch L]
DEBUG 9/12/2025, 5:05:43 PM  prepDatabase /home/juanqg/.config/Typora/ePwe68vrHE
INFO 9/12/2025, 5:05:43 PM  ls put SLicense
DEBUG 9/12/2025, 5:05:43 PM  onUnfillLicense
DEBUG 9/12/2025, 5:05:43 PM  trailRemains is 11
INFO 9/12/2025, 5:05:43 PM  [L] installDate is 9/8/2025, trail remains: 11 days
INFO 9/12/2025, 5:05:43 PM  [watch L] hasL: false
INFO 9/12/2025, 5:05:43 PM  typora version: 1.10.8
user-dict.json not found
DEBUG 9/12/2025, 5:05:43 PM  app.openFile
DEBUG 9/12/2025, 5:05:43 PM  putAccelerator File -> &File
DEBUG 9/12/2025, 5:05:43 PM  putAccelerator Edit -> &Edit
DEBUG 9/12/2025, 5:05:43 PM  putAccelerator Paragraph -> &Paragraph
DEBUG 9/12/2025, 5:05:43 PM  putAccelerator Format -> F&ormat
DEBUG 9/12/2025, 5:05:43 PM  putAccelerator View -> &View
DEBUG 9/12/2025, 5:05:43 PM  putAccelerator Themes -> &Themes
DEBUG 9/12/2025, 5:05:43 PM  putAccelerator Help -> &Help
DEBUG 9/12/2025, 5:05:43 PM  added recovery 1 null  (0)
INFO 9/12/2025, 5:05:43 PM  synced recovery
INFO 9/12/2025, 5:05:43 PM  [focus] 1
INFO 9/12/2025, 5:05:43 PM  [blur] 1
INFO 9/12/2025, 5:05:43 PM  [win] blur
INFO 9/12/2025, 5:05:44 PM  [focus] 1
DEBUG 9/12/2025, 5:05:44 PM  onUnfillLicense
ERROR 9/12/2025, 5:05:44 PM  Error: net::ERR_FILE_NOT_FOUND
    at SimpleURLLoaderWrapper.<anonymous> (node:electron/js2c/browser_init:2:117533)
    at SimpleURLLoaderWrapper.emit (node:events:518:28)
ERROR 9/12/2025, 5:05:44 PM  Error: net::ERR_FILE_NOT_FOUND
    at SimpleURLLoaderWrapper.<anonymous> (node:electron/js2c/browser_init:2:117533)
    at SimpleURLLoaderWrapper.emit (node:events:518:28)
INFO 9/12/2025, 5:05:44 PM  handle document.loadData
DEBUG 9/12/2025, 5:05:44 PM  document.loadData 0
INFO 9/12/2025, 5:05:44 PM  [RenderProcess 1][Log] [UndoManager] reset commandStack
INFO 9/12/2025, 5:05:44 PM  [RenderProcess 1][Log] reset NodeMap
DEBUG 9/12/2025, 5:05:44 PM  added recovery 1   (0)
INFO 9/12/2025, 5:05:44 PM  synced recovery
INFO 9/12/2025, 5:05:44 PM  [RenderProcess 1][Log] onBecomeActive
INFO 9/12/2025, 5:05:44 PM  [RenderProcess 1][Log] File.activeWindow = true
DEBUG 9/12/2025, 5:05:46 PM  added recovery 1  "drwxr-xr-x     ...13:56   sonarr" (383)
INFO 9/12/2025, 5:05:46 PM  synced recovery
DEBUG 9/12/2025, 5:06:15 PM  added recovery 1  "drwxr-xr-x     ...13:56   sonarr" (383)
INFO 9/12/2025, 5:06:15 PM  synced recovery
DEBUG 9/12/2025, 5:06:16 PM  added recovery 1  "drwxr-xr-x     ... sonarr

bazarr" (391)
INFO 9/12/2025, 5:06:16 PM  synced recovery
INFO 9/12/2025, 5:06:21 PM  [blur] 1
INFO 9/12/2025, 5:06:21 PM  [win] blur
DEBUG 9/12/2025, 5:06:21 PM  added recovery 1  "drwxr-xr-x     ...
bazarr, lidarr" (399)
INFO 9/12/2025, 5:06:21 PM  synced recovery
INFO 9/12/2025, 5:06:21 PM  [focus] 1
DEBUG 9/12/2025, 5:06:26 PM  added recovery 1  "drwxr-xr-x     ... lidarr, nzbget" (407)
INFO 9/12/2025, 5:06:26 PM  synced recovery
DEBUG 9/12/2025, 5:06:33 PM  added recovery 1  "drwxr-xr-x     ...zbget, prowlarr" (417)
INFO 9/12/2025, 5:06:33 PM  synced recovery
DEBUG 9/12/2025, 5:06:38 PM  added recovery 1  "drwxr-xr-x     ...rr, qbittorrent" (430)
INFO 9/12/2025, 5:06:38 PM  synced recovery
DEBUG 9/12/2025, 5:06:42 PM  added recovery 1  "drwxr-xr-x     ...torrent, radarr" (438)
INFO 9/12/2025, 5:06:42 PM  synced recovery
DEBUG 9/12/2025, 5:06:47 PM  added recovery 1  "drwxr-xr-x     ... radarr, sonarr" (446)
INFO 9/12/2025, 5:06:47 PM  synced recovery
INFO 9/12/2025, 5:06:48 PM  [blur] 1
INFO 9/12/2025, 5:06:48 PM  [win] blur
INFO 9/12/2025, 5:07:04 PM  [focus] 1
INFO 9/12/2025, 5:07:08 PM  [blur] 1
INFO 9/12/2025, 5:07:08 PM  [win] blur
INFO 9/12/2025, 5:07:09 PM  [focus] 1
DEBUG 9/12/2025, 5:07:11 PM  added recovery 1   (0)
INFO 9/12/2025, 5:07:11 PM  synced recovery
INFO 9/12/2025, 5:07:13 PM  synced recovery
INFO 9/12/2025, 5:07:13 PM  ----------------before-quit-----------------
INFO 9/12/2025, 5:07:13 PM  ------------------will-quit------------------
INFO 9/12/2025, 5:07:13 PM  -----------------quit------------------
INFO 9/12/2025, 5:07:13 PM  closeLogging
INFO 9/16/2025, 8:02:18 PM  launch with argv [/usr/share/typora/Typora, --enable-wayland-ime]
INFO 9/16/2025, 8:02:18 PM  ------------------start------------------
DEBUG 9/16/2025, 8:02:18 PM  prepDatabase /home/juanqg/.config/Typora/profile.data
DEBUG 9/16/2025, 8:02:18 PM  prepDatabase /home/juanqg/.config/Typora/history.data
INFO 9/16/2025, 8:02:18 PM  OS is linux 6.16.5-arch1-1
INFO 9/16/2025, 8:02:18 PM  start LM in devVersion=false
INFO 9/16/2025, 8:02:18 PM  [watch L]
DEBUG 9/16/2025, 8:02:18 PM  prepDatabase /home/juanqg/.config/Typora/ePwe68vrHE
INFO 9/16/2025, 8:02:18 PM  ls put SLicense
DEBUG 9/16/2025, 8:02:18 PM  onUnfillLicense
DEBUG 9/16/2025, 8:02:18 PM  trailRemains is 7
INFO 9/16/2025, 8:02:18 PM  [L] installDate is 9/8/2025, trail remains: 7 days
INFO 9/16/2025, 8:02:18 PM  [watch L] hasL: false
INFO 9/16/2025, 8:02:18 PM  typora version: 1.10.8
user-dict.json not found
DEBUG 9/16/2025, 8:02:18 PM  app.openFile
DEBUG 9/16/2025, 8:02:18 PM  putAccelerator File -> &File
DEBUG 9/16/2025, 8:02:18 PM  putAccelerator Edit -> &Edit
DEBUG 9/16/2025, 8:02:18 PM  putAccelerator Paragraph -> &Paragraph
DEBUG 9/16/2025, 8:02:18 PM  putAccelerator Format -> F&ormat
DEBUG 9/16/2025, 8:02:18 PM  putAccelerator View -> &View
DEBUG 9/16/2025, 8:02:18 PM  putAccelerator Themes -> &Themes
DEBUG 9/16/2025, 8:02:18 PM  putAccelerator Help -> &Help
DEBUG 9/16/2025, 8:02:18 PM  added recovery 1 null  (0)
INFO 9/16/2025, 8:02:18 PM  synced recovery
INFO 9/16/2025, 8:02:18 PM  [focus] 1
INFO 9/16/2025, 8:02:19 PM  [blur] 1
INFO 9/16/2025, 8:02:19 PM  [win] blur
INFO 9/16/2025, 8:02:19 PM  [focus] 1
DEBUG 9/16/2025, 8:02:19 PM  onUnfillLicense
ERROR 9/16/2025, 8:02:19 PM  Error: net::ERR_FILE_NOT_FOUND
    at SimpleURLLoaderWrapper.<anonymous> (node:electron/js2c/browser_init:2:117533)
    at SimpleURLLoaderWrapper.emit (node:events:518:28)
INFO 9/16/2025, 8:02:19 PM  handle document.loadData
DEBUG 9/16/2025, 8:02:19 PM  document.loadData 0
ERROR 9/16/2025, 8:02:19 PM  Error: net::ERR_FILE_NOT_FOUND
    at SimpleURLLoaderWrapper.<anonymous> (node:electron/js2c/browser_init:2:117533)
    at SimpleURLLoaderWrapper.emit (node:events:518:28)
INFO 9/16/2025, 8:02:19 PM  [RenderProcess 1][Log] [UndoManager] reset commandStack
INFO 9/16/2025, 8:02:19 PM  [RenderProcess 1][Log] reset NodeMap
DEBUG 9/16/2025, 8:02:19 PM  added recovery 1   (0)
INFO 9/16/2025, 8:02:19 PM  synced recovery
INFO 9/16/2025, 8:02:19 PM  [RenderProcess 1][Log] onBecomeActive
INFO 9/16/2025, 8:02:19 PM  [RenderProcess 1][Log] File.activeWindow = true
INFO 9/16/2025, 8:02:22 PM  [blur] 1
INFO 9/16/2025, 8:02:22 PM  [win] blur
DEBUG 9/16/2025, 8:02:22 PM  added recovery 1  y4twgENdlWoYAHQzxU2IgX0neqrPiopHBTlU7NLjsLY= (44)
INFO 9/16/2025, 8:02:22 PM  synced recovery
INFO 9/16/2025, 8:03:48 PM  [focus] 1
INFO 9/16/2025, 8:04:05 PM  [blur] 1
INFO 9/16/2025, 8:04:05 PM  [win] blur
INFO 9/16/2025, 8:05:48 PM  [focus] 1
INFO 9/16/2025, 8:05:49 PM  [blur] 1
INFO 9/16/2025, 8:05:49 PM  [win] blur
INFO 9/16/2025, 8:09:57 PM  [focus] 1
INFO 9/16/2025, 8:09:57 PM  [blur] 1
INFO 9/16/2025, 8:09:57 PM  [win] blur
INFO 9/16/2025, 8:11:45 PM  [focus] 1
INFO 9/16/2025, 8:11:46 PM  [blur] 1
INFO 9/16/2025, 8:11:46 PM  [win] blur
INFO 9/16/2025, 8:11:46 PM  [focus] 1
INFO 9/16/2025, 8:11:46 PM  [blur] 1
INFO 9/16/2025, 8:11:46 PM  [win] blur
INFO 9/16/2025, 8:18:03 PM  [focus] 1
INFO 9/16/2025, 8:18:03 PM  [blur] 1
INFO 9/16/2025, 8:18:03 PM  [win] blur
INFO 9/16/2025, 8:20:34 PM  [focus] 1
DEBUG 9/16/2025, 8:20:37 PM  added recovery 1  y4twgENdlWoYAHQzxU2IgX0neqrPiopHBTlU7NLjsLY=



 (48)
INFO 9/16/2025, 8:20:37 PM  synced recovery
DEBUG 9/16/2025, 8:20:38 PM  added recovery 1  "y4twgENdlWoYAHQ...lFSzlOCgI4Fvjg=" (92)
INFO 9/16/2025, 8:20:38 PM  synced recovery
DEBUG 9/16/2025, 8:20:40 PM  added recovery 1  "y4twgENdlWoYAHQ...SzlOCgI4Fvjg=

" (94)
INFO 9/16/2025, 8:20:40 PM  synced recovery
INFO 9/16/2025, 8:20:40 PM  [blur] 1
INFO 9/16/2025, 8:20:40 PM  [win] blur
INFO 9/16/2025, 8:24:20 PM  [focus] 1
INFO 9/16/2025, 8:24:20 PM  [blur] 1
INFO 9/16/2025, 8:24:20 PM  [win] blur
INFO 9/16/2025, 8:24:22 PM  [focus] 1
INFO 9/16/2025, 8:24:24 PM  [blur] 1
INFO 9/16/2025, 8:24:24 PM  [win] blur
INFO 9/16/2025, 8:27:21 PM  [focus] 1
INFO 9/16/2025, 8:27:25 PM  synced recovery
INFO 9/16/2025, 8:27:25 PM  ----------------before-quit-----------------
INFO 9/16/2025, 8:27:25 PM  ------------------will-quit------------------
INFO 9/16/2025, 8:27:25 PM  -----------------quit------------------
INFO 9/16/2025, 8:27:25 PM  closeLogging
