2025-10-04 20:35:29.640 [info] Started local extension host with pid 157319.
2025-10-04 20:35:35.346 [error] CodeExpectedError
    at lSt.j (vscode-file://vscode-app/opt/visual-studio-code/resources/app/out/vs/workbench/workbench.desktop.main.js:3677:60796)
    at async lSt.m (vscode-file://vscode-app/opt/visual-studio-code/resources/app/out/vs/workbench/workbench.desktop.main.js:3677:60875)
    at async lSt.readFileStream (vscode-file://vscode-app/opt/visual-studio-code/resources/app/out/vs/workbench/workbench.desktop.main.js:3677:65253)
    at async xSt.L (vscode-file://vscode-app/opt/visual-studio-code/resources/app/out/vs/workbench/workbench.desktop.main.js:3682:9979)
    at async xSt.readStream (vscode-file://vscode-app/opt/visual-studio-code/resources/app/out/vs/workbench/workbench.desktop.main.js:3682:9754)
    at async wwe.Eb (vscode-file://vscode-app/opt/visual-studio-code/resources/app/out/vs/workbench/workbench.desktop.main.js:1226:12360)
    at async wwe.resolve (vscode-file://vscode-app/opt/visual-studio-code/resources/app/out/vs/workbench/workbench.desktop.main.js:1226:10835)
    at async CSt.W (vscode-file://vscode-app/opt/visual-studio-code/resources/app/out/vs/workbench/workbench.desktop.main.js:3682:6625)
    at async _et.jb (vscode-file://vscode-app/opt/visual-studio-code/resources/app/out/vs/workbench/workbench.desktop.main.js:1501:18709)
    at async IDe.setInput (vscode-file://vscode-app/opt/visual-studio-code/resources/app/out/vs/workbench/workbench.desktop.main.js:2625:79952)
2025-10-04 20:35:39.191 [info] Settings Sync: Account status changed from uninitialized to unavailable
2025-10-04 20:35:40.315 [info] [perf] Render performance baseline is 73ms
2025-10-04 20:36:11.820 [error] Watch not supported: Error: Watch not supported
	at t.FileSystemProviderSFTP.watch (/home/juanqg/.vscode/extensions/tailscale.vscode-tailscale-1.0.0/dist/extension.js:2:311772)
	at t.WithFSTiming.watch (/home/juanqg/.vscode/extensions/tailscale.vscode-tailscale-1.0.0/dist/extension.js:2:312428)
	at o5.$watch (file:///opt/visual-studio-code/resources/app/out/vs/workbench/api/node/extensionHostProcess.js:140:116808)
	at j4.S (file:///opt/visual-studio-code/resources/app/out/vs/workbench/api/node/extensionHostProcess.js:29:120180)
	at j4.Q (file:///opt/visual-studio-code/resources/app/out/vs/workbench/api/node/extensionHostProcess.js:29:119960)
	at j4.M (file:///opt/visual-studio-code/resources/app/out/vs/workbench/api/node/extensionHostProcess.js:29:119049)
	at j4.L (file:///opt/visual-studio-code/resources/app/out/vs/workbench/api/node/extensionHostProcess.js:29:118154)
	at od.value (file:///opt/visual-studio-code/resources/app/out/vs/workbench/api/node/extensionHostProcess.js:29:116951)
	at $.C (file:///opt/visual-studio-code/resources/app/out/vs/workbench/api/node/extensionHostProcess.js:27:2373)
	at $.fire (file:///opt/visual-studio-code/resources/app/out/vs/workbench/api/node/extensionHostProcess.js:27:2591)
	at vo.fire (file:///opt/visual-studio-code/resources/app/out/vs/workbench/api/node/extensionHostProcess.js:29:9458)
	at od.value (file:///opt/visual-studio-code/resources/app/out/vs/workbench/api/node/extensionHostProcess.js:391:8617)
	at $.C (file:///opt/visual-studio-code/resources/app/out/vs/workbench/api/node/extensionHostProcess.js:27:2373)
	at $.fire (file:///opt/visual-studio-code/resources/app/out/vs/workbench/api/node/extensionHostProcess.js:27:2591)
	at vo.fire (file:///opt/visual-studio-code/resources/app/out/vs/workbench/api/node/extensionHostProcess.js:29:9458)
	at MessagePortMain.<anonymous> (file:///opt/visual-studio-code/resources/app/out/vs/workbench/api/node/extensionHostProcess.js:391:6909)
	at MessagePortMain.emit (node:events:518:28)
	at MessagePortMain._internalPort.emit (node:electron/js2c/utility_init:2:2949)
2025-10-04 20:36:42.164 [error] [Extension Host] (node:157319) [DEP0051] DeprecationWarning: The `util.isNullOrUndefined` API is deprecated. Please use `arg === null || arg === undefined` instead.
(Use `exe --trace-deprecation ...` to show where the warning was created)
2025-10-04 20:36:42.303 [error] Error: Unable to read file 'ts://juanqg@gmail.com/t430.kiko-uaru.ts.net/home/juanqg/servarr/compose.yaml' (Error: Timed out while waiting for handshake)
    at lSt.G (vscode-file://vscode-app/opt/visual-studio-code/resources/app/out/vs/workbench/workbench.desktop.main.js:3677:65941)
    at lSt.F (vscode-file://vscode-app/opt/visual-studio-code/resources/app/out/vs/workbench/workbench.desktop.main.js:3677:65766)
    at async xSt.L (vscode-file://vscode-app/opt/visual-studio-code/resources/app/out/vs/workbench/workbench.desktop.main.js:3682:9979)
    at async xSt.readStream (vscode-file://vscode-app/opt/visual-studio-code/resources/app/out/vs/workbench/workbench.desktop.main.js:3682:9754)
    at async wwe.Eb (vscode-file://vscode-app/opt/visual-studio-code/resources/app/out/vs/workbench/workbench.desktop.main.js:1226:12360)
    at async wwe.resolve (vscode-file://vscode-app/opt/visual-studio-code/resources/app/out/vs/workbench/workbench.desktop.main.js:1226:10835)
2025-10-04 20:37:02.419 [error] Error: Unable to read file 'ts://juanqg@gmail.com/t430.kiko-uaru.ts.net/home/juanqg/servarr/.env' (Error: Timed out while waiting for handshake)
    at lSt.G (vscode-file://vscode-app/opt/visual-studio-code/resources/app/out/vs/workbench/workbench.desktop.main.js:3677:65941)
    at lSt.F (vscode-file://vscode-app/opt/visual-studio-code/resources/app/out/vs/workbench/workbench.desktop.main.js:3677:65766)
    at async xSt.L (vscode-file://vscode-app/opt/visual-studio-code/resources/app/out/vs/workbench/workbench.desktop.main.js:3682:9979)
    at async xSt.readStream (vscode-file://vscode-app/opt/visual-studio-code/resources/app/out/vs/workbench/workbench.desktop.main.js:3682:9754)
    at async wwe.Eb (vscode-file://vscode-app/opt/visual-studio-code/resources/app/out/vs/workbench/workbench.desktop.main.js:1226:12360)
    at async wwe.resolve (vscode-file://vscode-app/opt/visual-studio-code/resources/app/out/vs/workbench/workbench.desktop.main.js:1226:10835)
    at async CSt.W (vscode-file://vscode-app/opt/visual-studio-code/resources/app/out/vs/workbench/workbench.desktop.main.js:3682:6625)
    at async _et.jb (vscode-file://vscode-app/opt/visual-studio-code/resources/app/out/vs/workbench/workbench.desktop.main.js:1501:18709)
    at async IDe.setInput (vscode-file://vscode-app/opt/visual-studio-code/resources/app/out/vs/workbench/workbench.desktop.main.js:2625:79952)
    at async PGe.S (vscode-file://vscode-app/opt/visual-studio-code/resources/app/out/vs/workbench/workbench.desktop.main.js:610:58577)
2025-10-04 20:37:02.507 [error] Watch not supported: Error: Watch not supported
	at t.FileSystemProviderSFTP.watch (/home/juanqg/.vscode/extensions/tailscale.vscode-tailscale-1.0.0/dist/extension.js:2:311772)
	at t.WithFSTiming.watch (/home/juanqg/.vscode/extensions/tailscale.vscode-tailscale-1.0.0/dist/extension.js:2:312428)
	at o5.$watch (file:///opt/visual-studio-code/resources/app/out/vs/workbench/api/node/extensionHostProcess.js:140:116808)
	at j4.S (file:///opt/visual-studio-code/resources/app/out/vs/workbench/api/node/extensionHostProcess.js:29:120180)
	at j4.Q (file:///opt/visual-studio-code/resources/app/out/vs/workbench/api/node/extensionHostProcess.js:29:119960)
	at j4.M (file:///opt/visual-studio-code/resources/app/out/vs/workbench/api/node/extensionHostProcess.js:29:119049)
	at j4.L (file:///opt/visual-studio-code/resources/app/out/vs/workbench/api/node/extensionHostProcess.js:29:118154)
	at od.value (file:///opt/visual-studio-code/resources/app/out/vs/workbench/api/node/extensionHostProcess.js:29:116951)
	at $.C (file:///opt/visual-studio-code/resources/app/out/vs/workbench/api/node/extensionHostProcess.js:27:2373)
	at $.fire (file:///opt/visual-studio-code/resources/app/out/vs/workbench/api/node/extensionHostProcess.js:27:2591)
	at vo.fire (file:///opt/visual-studio-code/resources/app/out/vs/workbench/api/node/extensionHostProcess.js:29:9458)
	at od.value (file:///opt/visual-studio-code/resources/app/out/vs/workbench/api/node/extensionHostProcess.js:391:8617)
	at $.C (file:///opt/visual-studio-code/resources/app/out/vs/workbench/api/node/extensionHostProcess.js:27:2373)
	at $.fire (file:///opt/visual-studio-code/resources/app/out/vs/workbench/api/node/extensionHostProcess.js:27:2591)
	at vo.fire (file:///opt/visual-studio-code/resources/app/out/vs/workbench/api/node/extensionHostProcess.js:29:9458)
	at MessagePortMain.<anonymous> (file:///opt/visual-studio-code/resources/app/out/vs/workbench/api/node/extensionHostProcess.js:391:6909)
	at MessagePortMain.emit (node:events:518:28)
	at MessagePortMain._internalPort.emit (node:electron/js2c/utility_init:2:2949)
2025-10-04 20:37:39.927 [error] [Extension Host] (node:157319) [DEP0040] DeprecationWarning: The `punycode` module is deprecated. Please use a userland alternative instead.
2025-10-04 20:37:47.365 [info] Extension host (LocalProcess pid: 157319) is unresponsive.
2025-10-04 20:37:50.460 [info] UNRESPONSIVE extension host: starting to profile NOW
2025-10-04 20:37:52.756 [info] Extension host (LocalProcess pid: 157319) is responsive.
2025-10-04 20:37:52.762 [info] UNRESPONSIVE extension host: received responsive event and cancelling profiling session
2025-10-04 20:37:53.372 [warning] UNRESPONSIVE extension host: 'platformio.platformio-ide' took 13.618236006614964% of 315.146ms, saved PROFILE here: 'file:///tmp/exthost-1dc84c.cpuprofile'
