2025-10-04 20:40:13.304 [info] Reading sessions from keychain...
2025-10-04 20:40:13.304 [info] Getting sessions for all scopes...
2025-10-04 20:40:13.304 [info] Got 0 sessions for ...
2025-10-04 20:40:13.304 [info] Getting sessions for all scopes...
2025-10-04 20:40:13.304 [info] Got 0 sessions for ...
2025-10-04 20:40:13.305 [info] Getting sessions for all scopes...
2025-10-04 20:40:13.305 [info] Got 0 sessions for ...
2025-10-04 20:40:13.305 [info] Getting sessions for all scopes...
2025-10-04 20:40:13.305 [info] Got 0 sessions for ...
2025-10-04 20:40:13.305 [info] Getting sessions for all scopes...
2025-10-04 20:40:13.305 [info] Got 0 sessions for ...
2025-10-04 20:40:13.305 [info] Getting sessions for all scopes...
2025-10-04 20:40:13.305 [info] Got 0 sessions for ...
2025-10-04 20:40:13.305 [info] Getting sessions for all scopes...
2025-10-04 20:40:13.305 [info] Got 0 sessions for ...
2025-10-04 20:40:13.809 [info] Getting sessions for all scopes...
2025-10-04 20:40:13.809 [info] Got 0 sessions for ...
2025-10-04 20:40:13.810 [info] Getting sessions for all scopes...
2025-10-04 20:40:13.811 [info] Got 0 sessions for ...
2025-10-04 20:40:13.811 [info] Getting sessions for all scopes...
2025-10-04 20:40:13.811 [info] Got 0 sessions for ...
2025-10-04 20:40:13.812 [info] Getting sessions for all scopes...
2025-10-04 20:40:13.812 [info] Got 0 sessions for ...
2025-10-04 20:40:13.813 [info] Getting sessions for all scopes...
2025-10-04 20:40:13.813 [info] Got 0 sessions for ...
2025-10-04 20:40:13.814 [info] Getting sessions for all scopes...
2025-10-04 20:40:13.814 [info] Got 0 sessions for ...
2025-10-04 20:40:16.568 [info] Getting sessions for all scopes...
2025-10-04 20:40:16.568 [info] Got 0 sessions for ...
2025-10-04 20:40:18.232 [info] Getting sessions for all scopes...
2025-10-04 20:40:18.232 [info] Got 0 sessions for ...
2025-10-04 20:40:19.481 [info] Getting sessions for all scopes...
2025-10-04 20:40:19.481 [info] Got 0 sessions for ...
2025-10-04 20:40:19.484 [info] Getting sessions for all scopes...
2025-10-04 20:40:19.484 [info] Got 0 sessions for ...
2025-10-04 20:40:19.487 [info] Getting sessions for all scopes...
2025-10-04 20:40:19.487 [info] Got 0 sessions for ...
2025-10-04 20:41:23.840 [info] Reading sessions from keychain...
2025-10-04 20:41:23.840 [info] Getting sessions for all scopes...
2025-10-04 20:41:23.840 [info] Got 0 sessions for ...
2025-10-04 20:41:23.840 [info] Getting sessions for all scopes...
2025-10-04 20:41:23.840 [info] Got 0 sessions for ...
2025-10-04 20:41:23.840 [info] Getting sessions for all scopes...
2025-10-04 20:41:23.840 [info] Got 0 sessions for ...
2025-10-04 20:41:23.840 [info] Getting sessions for all scopes...
2025-10-04 20:41:23.840 [info] Got 0 sessions for ...
2025-10-04 20:41:23.840 [info] Getting sessions for all scopes...
2025-10-04 20:41:23.840 [info] Got 0 sessions for ...
2025-10-04 20:41:23.840 [info] Getting sessions for all scopes...
2025-10-04 20:41:23.840 [info] Got 0 sessions for ...
2025-10-04 20:41:23.840 [info] Getting sessions for all scopes...
2025-10-04 20:41:23.840 [info] Got 0 sessions for ...
2025-10-04 20:41:23.840 [info] Getting sessions for all scopes...
2025-10-04 20:41:23.840 [info] Got 0 sessions for ...
2025-10-04 20:41:23.840 [info] Getting sessions for all scopes...
2025-10-04 20:41:23.840 [info] Got 0 sessions for ...
2025-10-04 20:41:23.840 [info] Getting sessions for all scopes...
2025-10-04 20:41:23.840 [info] Got 0 sessions for ...
2025-10-04 20:41:23.840 [info] Getting sessions for all scopes...
2025-10-04 20:41:23.840 [info] Got 0 sessions for ...
2025-10-04 20:41:23.840 [info] Getting sessions for all scopes...
2025-10-04 20:41:23.840 [info] Got 0 sessions for ...
2025-10-04 20:41:23.840 [info] Getting sessions for all scopes...
2025-10-04 20:41:23.840 [info] Got 0 sessions for ...
2025-10-04 20:41:23.840 [info] Getting sessions for all scopes...
2025-10-04 20:41:23.840 [info] Got 0 sessions for ...
2025-10-04 20:41:25.230 [info] Getting sessions for all scopes...
2025-10-04 20:41:25.230 [info] Got 0 sessions for ...
2025-10-04 20:41:26.185 [info] Getting sessions for read:user,repo,user:email,workflow...
2025-10-04 20:41:26.185 [info] Got 0 sessions for read:user,repo,user:email,workflow...
2025-10-04 20:41:26.518 [info] Getting sessions for all scopes...
2025-10-04 20:41:26.518 [info] Got 0 sessions for ...
2025-10-04 20:41:26.519 [info] Getting sessions for all scopes...
2025-10-04 20:41:26.519 [info] Got 0 sessions for ...
2025-10-04 20:41:26.524 [info] Getting sessions for all scopes...
2025-10-04 20:41:26.524 [info] Got 0 sessions for ...
2025-10-04 21:58:34.795 [info] Reading sessions from keychain...
2025-10-04 21:58:34.795 [info] Getting sessions for all scopes...
2025-10-04 21:58:34.795 [info] Got 0 sessions for ...
2025-10-04 21:58:34.795 [info] Getting sessions for all scopes...
2025-10-04 21:58:34.795 [info] Got 0 sessions for ...
2025-10-04 21:58:34.795 [info] Getting sessions for all scopes...
2025-10-04 21:58:34.795 [info] Got 0 sessions for ...
2025-10-04 21:58:34.795 [info] Getting sessions for all scopes...
2025-10-04 21:58:34.795 [info] Got 0 sessions for ...
2025-10-04 21:58:34.795 [info] Getting sessions for all scopes...
2025-10-04 21:58:34.795 [info] Got 0 sessions for ...
2025-10-04 21:58:34.795 [info] Getting sessions for all scopes...
2025-10-04 21:58:34.795 [info] Got 0 sessions for ...
2025-10-04 21:58:34.795 [info] Getting sessions for all scopes...
2025-10-04 21:58:34.795 [info] Got 0 sessions for ...
2025-10-04 21:58:36.145 [info] Getting sessions for read:user,repo,user:email,workflow...
2025-10-04 21:58:36.145 [info] Got 0 sessions for read:user,repo,user:email,workflow...
2025-10-04 21:58:36.542 [info] Getting sessions for read:user,repo,user:email,workflow...
2025-10-04 21:58:36.542 [info] Got 0 sessions for read:user,repo,user:email,workflow...
