2025-09-23 12:46:48.868 [info] Extension host with pid 97240 started
2025-09-23 12:46:49.007 [info] ExtensionService#_doActivateExtension vscode.github-authentication, startup: false, activationEvent: 'onAuthenticationRequest:github'
2025-09-23 12:46:49.179 [info] ExtensionService#_doActivateExtension vscode.git-base, startup: true, activationEvent: '*', root cause: vscode.git
2025-09-23 12:46:49.187 [info] ExtensionService#_doActivateExtension Tailscale.vscode-tailscale, startup: true, activationEvent: '*'
2025-09-23 12:46:49.446 [info] ExtensionService#_doActivateExtension vscode.git, startup: true, activationEvent: '*'
2025-09-23 12:46:49.607 [info] ExtensionService#_doActivateExtension vscode.github, startup: true, activationEvent: '*'
2025-09-23 12:46:49.975 [info] Eager extensions activated
2025-09-23 12:46:50.014 [info] ExtensionService#_doActivateExtension vscode.debug-auto-launch, startup: false, activationEvent: 'onStartupFinished'
2025-09-23 12:46:50.025 [info] ExtensionService#_doActivateExtension vscode.merge-conflict, startup: false, activationEvent: 'onStartupFinished'
2025-09-23 12:46:50.086 [info] ExtensionService#_doActivateExtension ms-vscode-remote.remote-containers, startup: false, activationEvent: 'onStartupFinished'
2025-09-23 12:46:50.718 [info] ExtensionService#_doActivateExtension vscode.terminal-suggest, startup: false, activationEvent: 'onTerminalShellIntegration:*'
2025-09-23 12:48:23.050 [info] Extension host terminating: renderer closed the MessagePort
2025-09-23 12:48:23.079 [info] Extension host with pid 97240 exiting with code 0
2025-09-23 12:48:25.497 [info] Extension host with pid 99486 started
2025-09-23 12:48:25.497 [info] Skipping acquiring lock for /home/juanqg/.config/Code/User/workspaceStorage/c73e8d611061d21b773df1da3b0eaea2.
2025-09-23 12:48:25.590 [info] ExtensionService#_doActivateExtension vscode.github-authentication, startup: false, activationEvent: 'onAuthenticationRequest:github'
2025-09-23 12:48:25.649 [info] ExtensionService#_doActivateExtension vscode.emmet, startup: false, activationEvent: 'onLanguage'
2025-09-23 12:48:25.775 [info] ExtensionService#_doActivateExtension vscode.git-base, startup: true, activationEvent: '*'
2025-09-23 12:48:25.791 [info] ExtensionService#_doActivateExtension vscode.github, startup: true, activationEvent: '*'
2025-09-23 12:48:25.899 [info] Eager extensions activated
2025-09-23 12:48:25.908 [info] ExtensionService#_doActivateExtension vscode.debug-auto-launch, startup: false, activationEvent: 'onStartupFinished'
2025-09-23 12:48:25.919 [info] ExtensionService#_doActivateExtension vscode.merge-conflict, startup: false, activationEvent: 'onStartupFinished'
2025-09-23 12:48:32.509 [info] ExtensionService#_doActivateExtension vscode.git, startup: false, activationEvent: 'api', root cause: vscode.github
2025-09-23 12:48:32.739 [info] ExtensionService#_doActivateExtension ms-vscode-remote.remote-containers, startup: false, activationEvent: 'onStartupFinished'
2025-09-23 12:48:33.027 [info] ExtensionService#_doActivateExtension Tailscale.vscode-tailscale, startup: false, activationEvent: '*'
2025-09-23 12:48:53.937 [info] ExtensionService#_doActivateExtension ms-azuretools.vscode-containers, startup: false, activationEvent: 'onLanguage:dockercompose'
2025-09-23 12:54:04.425 [info] ExtensionService#_doActivateExtension vscode.terminal-suggest, startup: false, activationEvent: 'onTerminalShellIntegration:*'
2025-09-24 16:02:31.845 [info] ExtensionService#_doActivateExtension vscode.npm, startup: false, activationEvent: 'onTerminalQuickFixRequest:ms-vscode.npm-command'
2025-09-24 16:02:37.314 [info] ExtensionService#_doActivateExtension vscode.configuration-editing, startup: false, activationEvent: 'onLanguage:json'
2025-09-24 16:02:37.327 [info] ExtensionService#_doActivateExtension vscode.extension-editing, startup: false, activationEvent: 'onLanguage:json'
2025-09-24 16:02:37.343 [info] ExtensionService#_doActivateExtension vscode.json-language-features, startup: false, activationEvent: 'onLanguage:json'
2025-09-24 23:40:29.203 [info] Extension host terminating: renderer closed the MessagePort
2025-09-24 23:40:29.353 [info] Extension host with pid 99486 exiting with code 0
